 PhysXCooking_64

 Timestamp is 62be3e49 (Fri Jul  1 09:22:33 2022)

 Preferred load address is 0000000180000000

 Start         Length     Name                   Class
 0001:00000000 00000ba0H .text$di                CODE
 0001:00000ba0 000506f0H .text$mn                CODE
 0001:00051290 00000020H .text$mn$00             CODE
 0001:000512b0 00000110H .text$x                 CODE
 0002:00000000 00000250H .idata$5                DATA
 0002:00000250 00000010H .00cfg                  DATA
 0002:00000260 00000008H .CRT$XCA                DATA
 0002:00000268 000001f0H .CRT$XCU                DATA
 0002:00000458 00000008H .CRT$XCZ                DATA
 0002:00000460 00000008H .CRT$XIA                DATA
 0002:00000468 00000008H .CRT$XIZ                DATA
 0002:00000470 00000008H .CRT$XPA                DATA
 0002:00000478 00000008H .CRT$XPZ                DATA
 0002:00000480 00000008H .CRT$XTA                DATA
 0002:00000488 00000008H .CRT$XTZ                DATA
 0002:00000490 00004b68H .rdata                  DATA
 0002:00004ff8 00000074H .rdata$r                DATA
 0002:0000506c 000003c4H .rdata$zzzdbg           DATA
 0002:00005430 00000008H .rtc$IAA                DATA
 0002:00005438 000000a0H .rtc$IMZ                DATA
 0002:000054d8 00000008H .rtc$IZZ                DATA
 0002:000054e0 00000008H .rtc$TAA                DATA
 0002:000054e8 000000a0H .rtc$TMZ                DATA
 0002:00005588 00000008H .rtc$TZZ                DATA
 0002:00005590 0000268cH .xdata                  DATA
 0002:00007c1c 00000040H .didat$2                DATA
 0002:00007c5c 00000024H .didat$3                DATA
 0002:00007c80 000001d0H .didat$4                DATA
 0002:00007e50 00000b30H .didat$6                DATA
 0002:00008980 000001d0H .didat$7                DATA
 0002:00008b50 00001d34H .edata                  DATA
 0002:0000a884 0000003cH .idata$2                DATA
 0002:0000a8c0 00000018H .idata$3                DATA
 0002:0000a8d8 00000250H .idata$4                DATA
 0002:0000ab28 0000053aH .idata$6                DATA
 0003:00000000 00000068H .data                   DATA
 0003:00000068 00000328H .data$r                 DATA
 0003:00000390 000001d0H .didat$5                DATA
 0003:00000560 00000bd8H .bss                    DATA
 0004:00000000 00003558H .pdata                  DATA
 0005:00000000 00000024H .gfids$y                DATA
 0006:00000000 000000a0H .rsrc$01                DATA
 0006:000000a0 000004b0H .rsrc$02                DATA

  Address         Publics by Value              Rva+Base               Lib:Object

 0000:00000000       ___safe_se_handler_table   0000000000000000     <absolute>
 0000:00000000       __guard_fids_count         0000000000000000     <absolute>
 0000:00000000       __guard_fids_table         0000000000000000     <absolute>
 0000:00000000       __guard_longjmp_table      0000000000000000     <absolute>
 0000:00000000       __guard_iat_table          0000000000000000     <absolute>
 0000:00000000       __guard_iat_count          0000000000000000     <absolute>
 0000:00000000       __dynamic_value_reloc_table 0000000000000000     <absolute>
 0000:00000000       __guard_longjmp_count      0000000000000000     <absolute>
 0000:00000000       ___safe_se_handler_count   0000000000000000     <absolute>
 0000:00000100       __guard_flags              0000000000000100     <absolute>
 0000:00000000       __ImageBase                0000000180000000     <linker-defined>
 0001:00000ba0       ?ComputeNbBoundaryEdges@AdjTriangle@physx@@QEBAIXZ 0000000180001ba0 f   Adjacencies.obj
 0001:00000c30       ?ComputeNbNeighbors@AdjTriangle@physx@@QEBAIXZ 0000000180001c30 f   Adjacencies.obj
 0001:00000cc0       ?HasNeighbor@AdjTriangle@physx@@QEBA_NIPEAI@Z 0000000180001cc0 f   Adjacencies.obj
 0001:00000dd0       ?Flip@AdjTriangle@physx@@QEAAXXZ 0000000180001dd0 f   Adjacencies.obj
 0001:00000e20       ??0Adjacencies@physx@@QEAA@XZ 0000000180001e20 f   Adjacencies.obj
 0001:00000e50       ??1Adjacencies@physx@@QEAA@XZ 0000000180001e50 f   Adjacencies.obj
 0001:00000eb0       ?Load@Adjacencies@physx@@QEAA_NAEAVPxInputStream@2@@Z 0000000180001eb0 f   Adjacencies.obj
 0001:00001040       ?ComputeNbBoundaryEdges@Adjacencies@physx@@QEBAIXZ 0000000180002040 f   Adjacencies.obj
 0001:000010c0       ?GetBoundaryVertices@Adjacencies@physx@@QEBA_NIPEA_NPEBU?$TriangleT@I@Gu@2@@Z 00000001800020c0 f   Adjacencies.obj
 0001:000013d0       ?MakeLastRef@Adjacencies@physx@@QEAA_NAEAVAdjTriangle@2@IPEAU?$TriangleT@I@Gu@2@@Z 00000001800023d0 f   Adjacencies.obj
 0001:00001730       ?AssignNewEdgeCode@Adjacencies@physx@@AEAAXIE@Z 0000000180002730 f   Adjacencies.obj
 0001:000017d0       ??0AdjacenciesBuilder@physx@@QEAA@XZ 00000001800027d0 f   Adjacencies.obj
 0001:00001800       ??1AdjacenciesBuilder@physx@@QEAA@XZ 0000000180002800 f   Adjacencies.obj
 0001:00001820       ?Init@AdjacenciesBuilder@physx@@QEAA_NAEBUADJACENCIESCREATE@2@@Z 0000000180002820 f   Adjacencies.obj
 0001:00002b20       ??$?_UI@@YAPEAX_KV?$ReflectionAllocator@I@shdfnd@physx@@PEBDH@Z 0000000180003b20 f i Adjacencies.obj
 0001:00002b60       ??$?_UV?$ReflectionAllocator@VAdjEdge@@@shdfnd@physx@@@UserAllocated@shdfnd@physx@@SAPEAX_KV?$ReflectionAllocator@VAdjEdge@@@12@PEBDH@Z 0000000180003b60 f i Adjacencies.obj
 0001:00002ba0       ??$?_UV?$ReflectionAllocator@VAdjTriangle@physx@@@shdfnd@physx@@@UserAllocated@shdfnd@physx@@SAPEAX_KV?$ReflectionAllocator@VAdjTriangle@physx@@@12@PEBDH@Z 0000000180003ba0 f i Adjacencies.obj
 0001:00002be0       ??$swap@I@shdfnd@physx@@YAXAEAI0@Z 0000000180003be0 f i Adjacencies.obj
 0001:00002c20       ??0?$ReflectionAllocator@I@shdfnd@physx@@QEAA@PEBD@Z 0000000180003c20 f i Adjacencies.obj
 0001:00002c30       ??0?$ReflectionAllocator@VAdjEdge@@@shdfnd@physx@@QEAA@PEBD@Z 0000000180003c30 f i Adjacencies.obj
 0001:00002c40       ??0?$ReflectionAllocator@VAdjTriangle@physx@@@shdfnd@physx@@QEAA@PEBD@Z 0000000180003c40 f i Adjacencies.obj
 0001:00002c50       ??0?$TriangleT@I@Gu@physx@@QEAA@XZ 0000000180003c50 f i Adjacencies.obj
 0001:00002c60       ??0AdjEdge@@QEAA@XZ        0000000180003c60 f i Adjacencies.obj
 0001:00002c70       ??0AdjTriangle@physx@@QEAA@XZ 0000000180003c70 f i Adjacencies.obj
 0001:00002c80       ??0Allocator@shdfnd@physx@@QEAA@PEBD@Z 0000000180003c80 f i Adjacencies.obj
 0001:00002c90       ??0EDGELISTCREATE@Gu@physx@@QEAA@XZ 0000000180003c90 f i Adjacencies.obj
 0001:00002d00       ??0NonTrackingAllocator@shdfnd@physx@@QEAA@PEBD@Z 0000000180003d00 f i Adjacencies.obj
 0001:00002d10       ??0PxFoundation@physx@@QEAA@AEBV01@@Z 0000000180003d10 f i Adjacencies.obj
 0001:00002d30       ??0PxFoundation@physx@@QEAA@XZ 0000000180003d30 f i Adjacencies.obj
 0001:00002d50       ??1AdjEdge@@QEAA@XZ        0000000180003d50 f i Adjacencies.obj
 0001:00002d60       ??1AdjTriangle@physx@@QEAA@XZ 0000000180003d60 f i Adjacencies.obj
 0001:00002d70       ??1PxFoundation@physx@@MEAA@XZ 0000000180003d70 f i Adjacencies.obj
 0001:00002d90       ??3UserAllocated@shdfnd@physx@@SAXPEAX@Z 0000000180003d90 f i Adjacencies.obj
 0001:00002dc0       ??4Allocator@shdfnd@physx@@QEAAAEAV012@$$QEAV012@@Z 0000000180003dc0 f i Adjacencies.obj
 0001:00002dd0       ??4Allocator@shdfnd@physx@@QEAAAEAV012@AEBV012@@Z 0000000180003dd0 f i Adjacencies.obj
 0001:00002de0       ??4MutexImpl@shdfnd@physx@@QEAAAEAV012@AEBV012@@Z 0000000180003de0 f i Adjacencies.obj
 0001:00002df0       ??4PxFoundation@physx@@QEAAAEAV01@AEBV01@@Z 0000000180003df0 f i Adjacencies.obj
 0001:00002e00       ??_EAdjEdge@@QEAAPEAXI@Z   0000000180003e00 f i Adjacencies.obj
 0001:00002ee0       ??_EAdjTriangle@physx@@QEAAPEAXI@Z 0000000180003ee0 f i Adjacencies.obj
 0001:00002fc0       ??_EPxFoundation@physx@@MEAAPEAXI@Z 0000000180003fc0 f i Adjacencies.obj
 0001:00003060       ??_FAllocator@shdfnd@physx@@QEAAXXZ 0000000180004060 f i Adjacencies.obj
 0001:00003080       ??_FNamedAllocator@shdfnd@physx@@QEAAXXZ 0000000180004080 f i Adjacencies.obj
 0001:000030a0       ??_GPxFoundation@physx@@MEAAPEAXI@Z 00000001800040a0 f i Adjacencies.obj
 0001:000030e0       ??_H@YAXPEAX_K1P6APEAX0@Z@Z 00000001800040e0 f i Adjacencies.obj
 0001:00003160       ??_I@YAXPEAX_K1P6AX0@Z@Z   0000000180004160 f i Adjacencies.obj
 0001:000031f0       ??_VUserAllocated@shdfnd@physx@@SAXPEAX@Z 00000001800041f0 f i Adjacencies.obj
 0001:00003220       ?GetNbHits@RadixSort@Cm@physx@@QEBAIXZ 0000000180004220 f i Adjacencies.obj
 0001:00003230       ?GetNbTotalCalls@RadixSort@Cm@physx@@QEBAIXZ 0000000180004230 f i Adjacencies.obj
 0001:00003240       ?GetRanks@RadixSort@Cm@physx@@QEBAPEBIXZ 0000000180004240 f i Adjacencies.obj
 0001:00003250       ?GetRecyclable@RadixSort@Cm@physx@@QEBAPEAIXZ 0000000180004250 f i Adjacencies.obj
 0001:00003260       ?HasActiveEdge01@AdjTriangle@physx@@QEBAHXZ 0000000180004260 f i Adjacencies.obj
 0001:00003280       ?HasActiveEdge01@EdgeTriangleAC@Gu@physx@@SAHAEBUEdgeTriangleData@23@@Z 0000000180004280 f i Adjacencies.obj
 0001:000032a0       ?HasActiveEdge12@AdjTriangle@physx@@QEBAHXZ 00000001800042a0 f i Adjacencies.obj
 0001:000032c0       ?HasActiveEdge12@EdgeTriangleAC@Gu@physx@@SAHAEBUEdgeTriangleData@23@@Z 00000001800042c0 f i Adjacencies.obj
 0001:000032e0       ?HasActiveEdge20@AdjTriangle@physx@@QEBAHXZ 00000001800042e0 f i Adjacencies.obj
 0001:00003300       ?HasActiveEdge20@EdgeTriangleAC@Gu@physx@@SAHAEBUEdgeTriangleData@23@@Z 0000000180004300 f i Adjacencies.obj
 0001:00003320       ?PxMemZero@physx@@YAPEAXPEAXI@Z 0000000180004320 f i Adjacencies.obj
 0001:00003340       ?__empty_global_delete@@YAXPEAX@Z 0000000180004340 f i Adjacencies.obj
 0001:00003350       ?__empty_global_delete@@YAXPEAX_K@Z 0000000180004350 f i Adjacencies.obj
 0001:00003360       ?allocate@?$ReflectionAllocator@I@shdfnd@physx@@QEAAPEAX_KPEBDH@Z 0000000180004360 f i Adjacencies.obj
 0001:000033e0       ?allocate@?$ReflectionAllocator@VAdjEdge@@@shdfnd@physx@@QEAAPEAX_KPEBDH@Z 00000001800043e0 f i Adjacencies.obj
 0001:00003460       ?allocate@?$ReflectionAllocator@VAdjTriangle@physx@@@shdfnd@physx@@QEAAPEAX_KPEBDH@Z 0000000180004460 f i Adjacencies.obj
 0001:000034e0       ?deallocate@NonTrackingAllocator@shdfnd@physx@@QEAAXPEAX@Z 00000001800044e0 f i Adjacencies.obj
 0001:00003520       ?findEdge@?$TriangleT@I@Gu@physx@@QEBAEII@Z 0000000180004520 f i Adjacencies.obj
 0001:00003680       ?getAllocator@Foundation@shdfnd@physx@@QEAAAEAVPxAllocatorCallback@3@XZ 0000000180004680 f i Adjacencies.obj
 0001:00003690       ?getAllocatorCallback@Foundation@shdfnd@physx@@UEAAAEAVPxAllocatorCallback@3@XZ 0000000180004690 f i Adjacencies.obj
 0001:000036a0       ?getEdgeTriangle@EdgeList@Gu@physx@@QEBAAEBUEdgeTriangleData@23@I@Z 00000001800046a0 f i Adjacencies.obj
 0001:000036c0       ?getErrorCallback@Foundation@shdfnd@physx@@UEAAAEAVPxErrorCallback@3@XZ 00000001800046c0 f i Adjacencies.obj
 0001:000036d0       ?getErrorLevel@Foundation@shdfnd@physx@@UEBA?AW4Enum@PxErrorCode@3@XZ 00000001800046d0 f i Adjacencies.obj
 0001:000036f0       ?getFoundation@shdfnd@physx@@YAAEAVFoundation@12@XZ 00000001800046f0 f i Adjacencies.obj
 0001:00003700       ?getInternalErrorCallback@Foundation@shdfnd@physx@@QEAAAEAVPxErrorCallback@3@XZ 0000000180004700 f i Adjacencies.obj
 0001:00003720       ?getName@?$ReflectionAllocator@I@shdfnd@physx@@CAPEBDXZ 0000000180004720 f i Adjacencies.obj
 0001:00003760       ?getName@?$ReflectionAllocator@VAdjEdge@@@shdfnd@physx@@CAPEBDXZ 0000000180004760 f i Adjacencies.obj
 0001:000037a0       ?getName@?$ReflectionAllocator@VAdjTriangle@physx@@@shdfnd@physx@@CAPEBDXZ 00000001800047a0 f i Adjacencies.obj
 0001:000037e0       ?getNamedAllocMap@Foundation@shdfnd@physx@@QEAAAEAV?$HashMap@PEBVNamedAllocator@shdfnd@physx@@PEBDU?$Hash@PEBVNamedAllocator@shdfnd@physx@@@23@VNonTrackingAllocator@23@@23@XZ 00000001800047e0 f i Adjacencies.obj
 0001:00003800       ?getNamedAllocMutex@Foundation@shdfnd@physx@@QEAAAEAV?$MutexT@VAllocator@shdfnd@physx@@@23@XZ 0000000180004800 f i Adjacencies.obj
 0001:00003820       ?getReportAllocationNames@Foundation@shdfnd@physx@@UEBA_NXZ 0000000180004820 f i Adjacencies.obj
 0001:00003840       ?getTempAllocFreeTable@Foundation@shdfnd@physx@@QEAAAEAV?$Array@PEATTempAllocatorChunk@shdfnd@physx@@VAllocator@23@@23@XZ 0000000180004840 f i Adjacencies.obj
 0001:00003860       ?getTempAllocMutex@Foundation@shdfnd@physx@@QEAAAEAV?$MutexT@VAllocator@shdfnd@physx@@@23@XZ 0000000180004860 f i Adjacencies.obj
 0001:00003880       ?invalidateRanks@RadixSort@Cm@physx@@QEAAXXZ 0000000180004880 f i Adjacencies.obj
 0001:000038a0       ?memZero@intrinsics@physx@@YAPEAXPEAXI@Z 00000001800048a0 f i Adjacencies.obj
 0001:000038d0       ?name@type_info@@QEBAPEBDXZ 00000001800048d0 f i Adjacencies.obj
 0001:00003900       ?setErrorLevel@Foundation@shdfnd@physx@@UEAAXW4Enum@PxErrorCode@3@@Z 0000000180004900 f i Adjacencies.obj
 0001:00003920       ?setReportAllocationNames@Foundation@shdfnd@physx@@UEAAX_N@Z 0000000180004920 f i Adjacencies.obj
 0001:00003940       PxCreateCooking            0000000180004940 f   Cooking.obj
 0001:00003a30       ?release@Cooking@physx@@UEAAXXZ 0000000180004a30 f   Cooking.obj
 0001:00003a90       ?setParams@Cooking@physx@@UEAAXAEBUPxCookingParams@2@@Z 0000000180004a90 f   Cooking.obj
 0001:00003ac0       ?getParams@Cooking@physx@@UEBAAEBUPxCookingParams@2@XZ 0000000180004ac0 f   Cooking.obj
 0001:00003ae0       ?platformMismatch@Cooking@physx@@UEBA_NXZ 0000000180004ae0 f   Cooking.obj
 0001:00003b30       ?cookTriangleMesh@Cooking@physx@@UEBA_NAEBVPxTriangleMeshDesc@2@AEAVPxOutputStream@2@PEAW4Enum@PxTriangleMeshCookingResult@2@@Z 0000000180004b30 f   Cooking.obj
 0001:00003c40       ?createTriangleMesh@Cooking@physx@@UEBAPEAVPxTriangleMesh@2@AEBVPxTriangleMeshDesc@2@AEAVPxPhysicsInsertionCallback@2@PEAW4Enum@PxTriangleMeshCookingResult@2@@Z 0000000180004c40 f   Cooking.obj
 0001:00003d50       ?validateTriangleMesh@Cooking@physx@@UEBA_NAEBVPxTriangleMeshDesc@2@@Z 0000000180004d50 f   Cooking.obj
 0001:00003e20       ?cookConvexMesh@Cooking@physx@@UEBA_NAEBVPxConvexMeshDesc@2@AEAVPxOutputStream@2@PEAW4Enum@PxConvexMeshCookingResult@2@@Z 0000000180004e20 f   Cooking.obj
 0001:00004180       ?createConvexMesh@Cooking@physx@@UEBAPEAVPxConvexMesh@2@AEBVPxConvexMeshDesc@2@AEAVPxPhysicsInsertionCallback@2@PEAW4Enum@PxConvexMeshCookingResult@2@@Z 0000000180005180 f   Cooking.obj
 0001:00004540       ?validateConvexMesh@Cooking@physx@@UEBA_NAEBVPxConvexMeshDesc@2@@Z 0000000180005540 f   Cooking.obj
 0001:000045c0       ?computeHullPolygons@Cooking@physx@@UEBA_NAEBVPxSimpleTriangleMesh@2@AEAVPxAllocatorCallback@2@AEAIAEAPEAVPxVec3@2@2AEAPEAI2AEAPEAUPxHullPolygon@2@@Z 00000001800055c0 f   Cooking.obj
 0001:00004890       ?cookHeightField@Cooking@physx@@UEBA_NAEBVPxHeightFieldDesc@2@AEAVPxOutputStream@2@@Z 0000000180005890 f   Cooking.obj
 0001:000049f0       ?createHeightField@Cooking@physx@@UEBAPEAVPxHeightField@2@AEBVPxHeightFieldDesc@2@AEAVPxPhysicsInsertionCallback@2@@Z 00000001800059f0 f   Cooking.obj
 0001:00004d10       ?cookBVHStructure@Cooking@physx@@UEBA_NAEBVPxBVHStructureDesc@2@AEAVPxOutputStream@2@@Z 0000000180005d10 f   Cooking.obj
 0001:00004e30       ?createBVHStructure@Cooking@physx@@UEBAPEAVPxBVHStructure@2@AEBVPxBVHStructureDesc@2@AEAVPxPhysicsInsertionCallback@2@@Z 0000000180005e30 f   Cooking.obj
 0001:00004f60       ?cookConvexMeshInternal@Cooking@physx@@AEBA_NAEBVPxConvexMeshDesc@2@AEAVConvexMeshBuilder@2@PEAVConvexHullLib@2@PEAW4Enum@PxConvexMeshCookingResult@2@@Z 0000000180005f60 f   Cooking.obj
 0001:00005280       ?cookTriangleMesh@Cooking@physx@@AEBA_NAEAVTriangleMeshBuilder@2@AEBVPxTriangleMeshDesc@2@AEAVPxOutputStream@2@PEAW4Enum@PxTriangleMeshCookingResult@2@@Z 0000000180006280 f   Cooking.obj
 0001:00005360       ?createTriangleMesh@Cooking@physx@@AEBAPEAVPxTriangleMesh@2@AEAVTriangleMeshBuilder@2@AEBVPxTriangleMeshDesc@2@AEAVPxPhysicsInsertionCallback@2@PEAW4Enum@PxTriangleMeshCookingResult@2@@Z 0000000180006360 f   Cooking.obj
 0001:00005530       ??$?2V?$ReflectionAllocator@VCooking@physx@@@shdfnd@physx@@@UserAllocated@shdfnd@physx@@SAPEAX_KV?$ReflectionAllocator@VCooking@physx@@@12@PEBDH@Z 0000000180006530 f i Cooking.obj
 0001:00005570       ??$?2V?$ReflectionAllocator@VQuickHullConvexHullLib@physx@@@shdfnd@physx@@@UserAllocated@shdfnd@physx@@SAPEAX_KV?$ReflectionAllocator@VQuickHullConvexHullLib@physx@@@12@PEBDH@Z 0000000180006570 f i Cooking.obj
 0001:000055b0       ??$PX_UNUSED@VPxFoundation@physx@@@@YAXAEBVPxFoundation@physx@@@Z 00000001800065b0 f i Cooking.obj
 0001:000055c0       ??$PX_UNUSED@W4PxIDENTITY@physx@@@@YAXAEBW4PxIDENTITY@physx@@@Z 00000001800065c0 f i Cooking.obj
 0001:000055d0       ??$PxMax@I@physx@@YAIII@Z  00000001800065d0 f i Cooking.obj
 0001:00005600       ??$PxMin@G@physx@@YAGGG@Z  0000000180006600 f i Cooking.obj
 0001:00005640       ??0?$PxBitAndDataT@G$0IAAA@@physx@@QEAA@XZ 0000000180006640 f i Cooking.obj
 0001:00005660       ??0?$PxFlags@W4Enum@PxBaseFlag@physx@@G@physx@@QEAA@AEBV01@@Z 0000000180006660 f i Cooking.obj
 0001:00005680       ??0?$PxFlags@W4Enum@PxConvexFlag@physx@@G@physx@@QEAA@AEBV01@@Z 0000000180006680 f i Cooking.obj
 0001:000056a0       ??0?$PxFlags@W4Enum@PxConvexFlag@physx@@G@physx@@QEAA@W4Enum@PxConvexFlag@1@@Z 00000001800066a0 f i Cooking.obj
 0001:000056c0       ??0?$PxFlags@W4Enum@PxConvexFlag@physx@@G@physx@@QEAA@XZ 00000001800066c0 f i Cooking.obj
 0001:000056e0       ??0?$PxFlags@W4Enum@PxHeightFieldFlag@physx@@G@physx@@QEAA@AEBV01@@Z 00000001800066e0 f i Cooking.obj
 0001:00005700       ??0?$PxFlags@W4Enum@PxHeightFieldFlag@physx@@G@physx@@QEAA@W4PxEMPTY@1@@Z 0000000180006700 f i Cooking.obj
 0001:00005710       ??0?$PxFlags@W4Enum@PxHeightFieldFlag@physx@@G@physx@@QEAA@XZ 0000000180006710 f i Cooking.obj
 0001:00005730       ??0?$PxFlags@W4Enum@PxMeshFlag@physx@@G@physx@@QEAA@AEBV01@@Z 0000000180006730 f i Cooking.obj
 0001:00005750       ??0?$PxFlags@W4Enum@PxMeshPreprocessingFlag@physx@@I@physx@@QEAA@AEBV01@@Z 0000000180006750 f i Cooking.obj
 0001:00005770       ??0?$ReflectionAllocator@VCooking@physx@@@shdfnd@physx@@QEAA@PEBD@Z 0000000180006770 f i Cooking.obj
 0001:00005780       ??0?$ReflectionAllocator@VHeightField@Gu@physx@@@shdfnd@physx@@QEAA@PEBD@Z 0000000180006780 f i Cooking.obj
 0001:00005790       ??0?$ReflectionAllocator@VQuickHullConvexHullLib@physx@@@shdfnd@physx@@QEAA@PEBD@Z 0000000180006790 f i Cooking.obj
 0001:000057a0       ??0CenterExtents@Gu@physx@@QEAA@AEBV012@@Z 00000001800067a0 f i Cooking.obj
 0001:000057f0       ??0CenterExtents@Gu@physx@@QEAA@XZ 00000001800067f0 f i Cooking.obj
 0001:00005830       ??0ConvexHullData@Gu@physx@@QEAA@XZ 0000000180006830 f i Cooking.obj
 0001:00005880       ??0ConvexHullInitData@Gu@physx@@QEAA@XZ 0000000180006880 f i Cooking.obj
 0001:000058c0       ??0Cooking@physx@@QEAA@AEBUPxCookingParams@1@@Z 00000001800068c0 f i Cooking.obj
 0001:00005910       ??0DebugText@Cm@physx@@QEAA@$$QEAU012@@Z 0000000180006910 f i Cooking.obj
 0001:00005980       ??0DebugText@Cm@physx@@QEAA@AEBU012@@Z 0000000180006980 f i Cooking.obj
 0001:000059f0       ??0HeightFieldData@Gu@physx@@QEAA@$$QEAU012@@Z 00000001800069f0 f i Cooking.obj
 0001:00005ad0       ??0HeightFieldData@Gu@physx@@QEAA@AEBU012@@Z 0000000180006ad0 f i Cooking.obj
 0001:00005bb0       ??0HeightFieldData@Gu@physx@@QEAA@W4PxEMPTY@2@@Z 0000000180006bb0 f i Cooking.obj
 0001:00005bf0       ??0HeightFieldData@Gu@physx@@QEAA@XZ 0000000180006bf0 f i Cooking.obj
 0001:00005c30       ??0PxConvexMeshDesc@physx@@QEAA@AEBV01@@Z 0000000180006c30 f i Cooking.obj
 0001:00005cd0       ??0PxCooking@physx@@QEAA@XZ 0000000180006cd0 f i Cooking.obj
 0001:00005cf0       ??0PxCookingParams@physx@@QEAA@AEBU01@@Z 0000000180006cf0 f i Cooking.obj
 0001:00005de0       ??0PxDebugLine@physx@@QEAA@AEBU01@@Z 0000000180006de0 f i Cooking.obj
 0001:00005e50       ??0PxMat33@physx@@QEAA@XZ  0000000180006e50 f i Cooking.obj
 0001:00005ea0       ??0PxMat44@physx@@QEAA@AEBV01@@Z 0000000180006ea0 f i Cooking.obj
 0001:00005f20       ??0PxMat44@physx@@QEAA@W4PxIDENTITY@1@@Z 0000000180006f20 f i Cooking.obj
 0001:00005fe0       ??0PxVec3@physx@@QEAA@AEBV01@@Z 0000000180006fe0 f i Cooking.obj
 0001:00006030       ??0PxVec3@physx@@QEAA@M@Z  0000000180007030 f i Cooking.obj
 0001:00006070       ??0PxVec3@physx@@QEAA@MMM@Z 0000000180007070 f i Cooking.obj
 0001:000060c0       ??0PxVec3@physx@@QEAA@XZ   00000001800070c0 f i Cooking.obj
 0001:000060d0       ??0PxVec4@physx@@QEAA@AEBV01@@Z 00000001800070d0 f i Cooking.obj
 0001:00006130       ??0PxVec4@physx@@QEAA@MMMM@Z 0000000180007130 f i Cooking.obj
 0001:00006190       ??0RenderOutput@Cm@physx@@QEAA@AEAVRenderBuffer@12@@Z 0000000180007190 f i Cooking.obj
 0001:00006220       ??0RenderOutput@Cm@physx@@QEAA@AEBV012@@Z 0000000180007220 f i Cooking.obj
 0001:000062d0       ??1CenterExtents@Gu@physx@@QEAA@XZ 00000001800072d0 f i Cooking.obj
 0001:000062e0       ??1ConvexHullData@Gu@physx@@QEAA@XZ 00000001800072e0 f i Cooking.obj
 0001:00006300       ??1ConvexHullInitData@Gu@physx@@QEAA@XZ 0000000180007300 f i Cooking.obj
 0001:00006320       ??1Cooking@physx@@UEAA@XZ  0000000180007320 f i Cooking.obj
 0001:00006340       ??1HeightFieldData@Gu@physx@@QEAA@XZ 0000000180007340 f i Cooking.obj
 0001:00006360       ??1PxBase@physx@@MEAA@XZ   0000000180007360 f i Cooking.obj
 0001:00006380       ??1PxConvexMesh@physx@@MEAA@XZ 0000000180007380 f i Cooking.obj
 0001:000063b0       ??1PxCooking@physx@@MEAA@XZ 00000001800073b0 f i Cooking.obj
 0001:000063d0       ??1PxHeightField@physx@@MEAA@XZ 00000001800073d0 f i Cooking.obj
 0001:00006400       ??2@YAPEAX_KPEAX@Z         0000000180007400 f i Cooking.obj
 0001:00006410       ??2UserAllocated@shdfnd@physx@@SAPEAX_KPEAX@Z 0000000180007410 f i Cooking.obj
 0001:00006420       ??4?$PxFlags@W4Enum@PxHeightFieldFlag@physx@@G@physx@@QEAAAEAV01@AEBV01@@Z 0000000180007420 f i Cooking.obj
 0001:00006440       ??4?$PxFlags@W4Enum@PxMeshPreprocessingFlag@physx@@I@physx@@QEAAAEAV01@AEBV01@@Z 0000000180007440 f i Cooking.obj
 0001:00006460       ??4CenterExtents@Gu@physx@@QEAAAEAV012@AEBV012@@Z 0000000180007460 f i Cooking.obj
 0001:000064b0       ??4DebugText@Cm@physx@@QEAAAEAU012@$$QEAU012@@Z 00000001800074b0 f i Cooking.obj
 0001:00006550       ??4DebugText@Cm@physx@@QEAAAEAU012@AEBU012@@Z 0000000180007550 f i Cooking.obj
 0001:000065f0       ??4FPUGuard@shdfnd@physx@@QEAAAEAV012@AEBV012@@Z 00000001800075f0 f i Cooking.obj
 0001:00006620       ??4HeightFieldData@Gu@physx@@QEAAAEAU012@$$QEAU012@@Z 0000000180007620 f i Cooking.obj
 0001:00006700       ??4HeightFieldData@Gu@physx@@QEAAAEAU012@AEBU012@@Z 0000000180007700 f i Cooking.obj
 0001:000067e0       ??4PxCookingParams@physx@@QEAAAEAU01@AEBU01@@Z 00000001800077e0 f i Cooking.obj
 0001:000068d0       ??4PxVec3@physx@@QEAAAEAV01@AEBV01@@Z 00000001800078d0 f i Cooking.obj
 0001:00006920       ??9?$PxFlags@W4Enum@PxHeightFieldFlag@physx@@G@physx@@QEBA_NAEBV01@@Z 0000000180007920 f i Cooking.obj
 0001:00006960       ??B?$PxBitAndDataT@E$0IA@@physx@@QEBAEXZ 0000000180007960 f i Cooking.obj
 0001:00006980       ??B?$PxBitAndDataT@G$0IAAA@@physx@@QEBAGXZ 0000000180007980 f i Cooking.obj
 0001:000069a0       ??B?$PxFlags@W4Enum@PxBaseFlag@physx@@G@physx@@QEBA_NXZ 00000001800079a0 f i Cooking.obj
 0001:000069d0       ??B?$PxFlags@W4Enum@PxConvexFlag@physx@@G@physx@@QEBA_NXZ 00000001800079d0 f i Cooking.obj
 0001:00006a00       ??B?$PxFlags@W4Enum@PxMeshFlag@physx@@G@physx@@QEBA_NXZ 0000000180007a00 f i Cooking.obj
 0001:00006a30       ??B?$PxFlags@W4Enum@PxMeshPreprocessingFlag@physx@@I@physx@@QEBA_NXZ 0000000180007a30 f i Cooking.obj
 0001:00006a60       ??I?$PxFlags@W4Enum@PxBaseFlag@physx@@G@physx@@QEBA?AV01@W4Enum@PxBaseFlag@1@@Z 0000000180007a60 f i Cooking.obj
 0001:00006ab0       ??I?$PxFlags@W4Enum@PxConvexFlag@physx@@G@physx@@QEBA?AV01@W4Enum@PxConvexFlag@1@@Z 0000000180007ab0 f i Cooking.obj
 0001:00006b00       ??I?$PxFlags@W4Enum@PxHeightFieldFlag@physx@@G@physx@@QEBA?AV01@W4Enum@PxHeightFieldFlag@1@@Z 0000000180007b00 f i Cooking.obj
 0001:00006b50       ??I?$PxFlags@W4Enum@PxMeshFlag@physx@@G@physx@@QEBA?AV01@W4Enum@PxMeshFlag@1@@Z 0000000180007b50 f i Cooking.obj
 0001:00006ba0       ??I?$PxFlags@W4Enum@PxMeshPreprocessingFlag@physx@@I@physx@@QEBA?AV01@W4Enum@PxMeshPreprocessingFlag@1@@Z 0000000180007ba0 f i Cooking.obj
 0001:00006bf0       ??S?$PxFlags@W4Enum@PxConvexFlag@physx@@G@physx@@QEBA?AV01@XZ 0000000180007bf0 f i Cooking.obj
 0001:00006c30       ??Sphysx@@YA?AV?$PxFlags@W4Enum@PxConvexFlag@physx@@G@0@W4Enum@PxConvexFlag@0@@Z 0000000180007c30 f i Cooking.obj
 0001:00006c70       ??_4?$PxFlags@W4Enum@PxConvexFlag@physx@@G@physx@@QEAAAEAV01@AEBV01@@Z 0000000180007c70 f i Cooking.obj
 0001:00006ca0       ??_EPxConvexMesh@physx@@MEAAPEAXI@Z 0000000180007ca0 f i Cooking.obj
 0001:00006d40       ??_EPxHeightField@physx@@MEAAPEAXI@Z 0000000180007d40 f i Cooking.obj
 0001:00006de0       ??_ECooking@physx@@UEAAPEAXI@Z 0000000180007de0 f i Cooking.obj
 0001:00006de0       ??_GCooking@physx@@UEAAPEAXI@Z 0000000180007de0 f i Cooking.obj
 0001:00006e40       ??_EPxBase@physx@@MEAAPEAXI@Z 0000000180007e40 f i Cooking.obj
 0001:00006e40       ??_GPxBase@physx@@MEAAPEAXI@Z 0000000180007e40 f i Cooking.obj
 0001:00006e80       ??_EPxCooking@physx@@MEAAPEAXI@Z 0000000180007e80 f i Cooking.obj
 0001:00006e80       ??_GPxCooking@physx@@MEAAPEAXI@Z 0000000180007e80 f i Cooking.obj
 0001:00006ec0       ?FLoad@aos@shdfnd@physx@@YA?AT__m128@@M@Z 0000000180007ec0 f i Cooking.obj
 0001:00006ef0       ?PxMemCopy@physx@@YAPEAXPEAXPEBXI@Z 0000000180007ef0 f i Cooking.obj
 0001:00006f20       ?V3Load@aos@shdfnd@physx@@YA?AT__m128@@M@Z 0000000180007f20 f i Cooking.obj
 0001:00006f60       ?V4Load@aos@shdfnd@physx@@YA?AT__m128@@M@Z 0000000180007f60 f i Cooking.obj
 0001:00006f90       ?allocate@?$Array@UPxDebugLine@physx@@VNamedAllocator@shdfnd@2@@shdfnd@physx@@IEAAPEAUPxDebugLine@3@I@Z 0000000180007f90 f i Cooking.obj
 0001:00007020       ?allocate@?$ReflectionAllocator@VCooking@physx@@@shdfnd@physx@@QEAAPEAX_KPEBDH@Z 0000000180008020 f i Cooking.obj
 0001:000070a0       ?allocate@?$ReflectionAllocator@VHeightField@Gu@physx@@@shdfnd@physx@@QEAAPEAX_KPEBDH@Z 00000001800080a0 f i Cooking.obj
 0001:00007120       ?allocate@?$ReflectionAllocator@VQuickHullConvexHullLib@physx@@@shdfnd@physx@@QEAAPEAX_KPEBDH@Z 0000000180008120 f i Cooking.obj
 0001:000071a0       ?capacity@?$Array@UPxDebugLine@physx@@VNamedAllocator@shdfnd@2@@shdfnd@physx@@QEBAIXZ 00000001800081a0 f i Cooking.obj
 0001:000071c0       ?copy@?$Array@UPxDebugLine@physx@@VNamedAllocator@shdfnd@2@@shdfnd@physx@@KAXPEAUPxDebugLine@3@0PEBU43@@Z 00000001800081c0 f i Cooking.obj
 0001:00007250       ?deallocate@?$Array@UPxDebugLine@physx@@VNamedAllocator@shdfnd@2@@shdfnd@physx@@IEAAXPEAX@Z 0000000180008250 f i Cooking.obj
 0001:00007280       ?destroy@?$Array@UPxDebugLine@physx@@VNamedAllocator@shdfnd@2@@shdfnd@physx@@KAXPEAUPxDebugLine@3@0@Z 0000000180008280 f i Cooking.obj
 0001:000072b0       ?end@?$Array@UPxDebugLine@physx@@VNamedAllocator@shdfnd@2@@shdfnd@physx@@QEAAPEAUPxDebugLine@3@XZ 00000001800082b0 f i Cooking.obj
 0001:000072d0       ?forceSize_Unsafe@?$Array@UPxDebugLine@physx@@VNamedAllocator@shdfnd@2@@shdfnd@physx@@QEAAXI@Z 00000001800082d0 f i Cooking.obj
 0001:00007350       ?fsel@intrinsics@physx@@YAMMMM@Z 0000000180008350 f i Cooking.obj
 0001:000073a0       ?gatherStrided@Cooking@physx@@SAXPEBXPEAXIII@Z 00000001800083a0 f i Cooking.obj
 0001:00007430       ?getConcreteTypeName@PxConvexMesh@physx@@UEBAPEBDXZ 0000000180008430 f i Cooking.obj
 0001:00007440       ?getConcreteTypeName@PxHeightField@physx@@UEBAPEBDXZ 0000000180008440 f i Cooking.obj
 0001:00007450       ?getConvexEdgeThreshold@HeightField@Gu@physx@@UEBAMXZ 0000000180008450 f i Cooking.obj
 0001:00007460       ?getFlags@HeightField@Gu@physx@@UEBA?AV?$PxFlags@W4Enum@PxHeightFieldFlag@physx@@G@3@XZ 0000000180008460 f i Cooking.obj
 0001:00007490       ?getFormat@HeightField@Gu@physx@@UEBA?AW4Enum@PxHeightFieldFormat@3@XZ 0000000180008490 f i Cooking.obj
 0001:000074a0       ?getHeight@HeightField@Gu@physx@@QEBAMI@Z 00000001800084a0 f i Cooking.obj
 0001:000074d0       ?getHeight@HeightField@Gu@physx@@UEBAMMM@Z 00000001800084d0 f i Cooking.obj
 0001:00007500       ?getHeightInternal2@HeightField@Gu@physx@@QEBAMIMM@Z 0000000180008500 f i Cooking.obj
 0001:00007770       ?getHeightInternal@HeightField@Gu@physx@@QEBAMMM@Z 0000000180008770 f i Cooking.obj
 0001:000077d0       ?getHullVertices@ConvexHullData@Gu@physx@@QEBAPEBVPxVec3@3@XZ 00000001800087d0 f i Cooking.obj
 0001:00007810       ?getIndexBuffer@ConvexMesh@Gu@physx@@UEBAPEBEXZ 0000000180008810 f i Cooking.obj
 0001:00007830       ?getMaterialIndex0@HeightField@Gu@physx@@QEBAGI@Z 0000000180008830 f i Cooking.obj
 0001:00007860       ?getMaterialIndex1@HeightField@Gu@physx@@QEBAGI@Z 0000000180008860 f i Cooking.obj
 0001:00007890       ?getMeshData@TriangleMeshBuilder@physx@@QEAAAEAVTriangleMeshData@Gu@2@XZ 0000000180008890 f i Cooking.obj
 0001:000078a0       ?getName@?$ReflectionAllocator@VCooking@physx@@@shdfnd@physx@@CAPEBDXZ 00000001800088a0 f i Cooking.obj
 0001:000078e0       ?getName@?$ReflectionAllocator@VHeightField@Gu@physx@@@shdfnd@physx@@CAPEBDXZ 00000001800088e0 f i Cooking.obj
 0001:00007920       ?getName@?$ReflectionAllocator@VQuickHullConvexHullLib@physx@@@shdfnd@physx@@CAPEBDXZ 0000000180008920 f i Cooking.obj
 0001:00007960       ?getNbColumns@HeightField@Gu@physx@@UEBAIXZ 0000000180008960 f i Cooking.obj
 0001:00007970       ?getNbColumnsFast@HeightField@Gu@physx@@QEBAIXZ 0000000180008970 f i Cooking.obj
 0001:00007980       ?getNbPolygons@ConvexMesh@Gu@physx@@UEBAIXZ 0000000180008980 f i Cooking.obj
 0001:00007990       ?getNbRows@HeightField@Gu@physx@@UEBAIXZ 0000000180008990 f i Cooking.obj
 0001:000079a0       ?getNbVertices@ConvexMesh@Gu@physx@@UEBAIXZ 00000001800089a0 f i Cooking.obj
 0001:000079b0       ?getPaddedBounds@HeightFieldData@Gu@physx@@QEBAAEBVCenterExtentsPadded@23@XZ 00000001800089b0 f i Cooking.obj
 0001:000079c0       ?getSample@HeightField@Gu@physx@@QEBAAEBUPxHeightFieldSample@3@I@Z 00000001800089c0 f i Cooking.obj
 0001:00007a40       ?getSample@HeightField@Gu@physx@@UEBAAEBUPxHeightFieldSample@3@II@Z 0000000180008a40 f i Cooking.obj
 0001:00007a80       ?getSampleStride@HeightField@Gu@physx@@UEBAIXZ 0000000180008a80 f i Cooking.obj
 0001:00007a90       ?getTimestamp@HeightField@Gu@physx@@UEBAIXZ 0000000180008a90 f i Cooking.obj
 0001:00007aa0       ?getTriangleMaterial@HeightField@Gu@physx@@QEBAGI@Z 0000000180008aa0 f i Cooking.obj
 0001:00007b00       ?getTriangleMaterialIndex@HeightField@Gu@physx@@UEBAGI@Z 0000000180008b00 f i Cooking.obj
 0001:00007b20       ?getTriangleNormal@HeightField@Gu@physx@@UEBA?AVPxVec3@3@I@Z 0000000180008b20 f i Cooking.obj
 0001:00007b60       ?getTriangleNormalInternal@HeightField@Gu@physx@@QEBA?AVPxVec3@3@I@Z 0000000180008b60 f i Cooking.obj
 0001:00007dc0       ?getTriangleVertexIndices@HeightField@Gu@physx@@QEBAXIAEAI00@Z 0000000180008dc0 f i Cooking.obj
 0001:00007f10       ?getType@PxMidphaseDesc@physx@@QEBA?AW4Enum@PxMeshMidPhase@2@XZ 0000000180008f10 f i Cooking.obj
 0001:00007f20       ?getVertexData8@ConvexHullData@Gu@physx@@QEBAPEBEXZ 0000000180008f20 f i Cooking.obj
 0001:00008000       ?getVertices@ConvexMesh@Gu@physx@@UEBAPEBVPxVec3@3@XZ 0000000180009000 f i Cooking.obj
 0001:00008020       ?grow@?$Array@UPxDebugLine@physx@@VNamedAllocator@shdfnd@2@@shdfnd@physx@@IEAAXI@Z 0000000180009020 f i Cooking.obj
 0001:000080a0       ?isBitSet@?$PxBitAndDataT@E$0IA@@physx@@QEBAEXZ 00000001800090a0 f i Cooking.obj
 0001:000080c0       ?isBitSet@?$PxBitAndDataT@G$0IAAA@@physx@@QEBAGXZ 00000001800090c0 f i Cooking.obj
 0001:000080e0       ?isFirstTriangle@HeightField@Gu@physx@@QEBA_NI@Z 00000001800090e0 f i Cooking.obj
 0001:00008120       ?isInUserMemory@?$Array@UPxDebugLine@physx@@VNamedAllocator@shdfnd@2@@shdfnd@physx@@QEBAIXZ 0000000180009120 f i Cooking.obj
 0001:00008140       ?isKindOf@PxBase@physx@@MEBA_NPEBD@Z 0000000180009140 f i Cooking.obj
 0001:00008180       ?isKindOf@PxConvexMesh@physx@@MEBA_NPEBD@Z 0000000180009180 f i Cooking.obj
 0001:000081e0       ?isKindOf@PxHeightField@physx@@MEBA_NPEBD@Z 00000001800091e0 f i Cooking.obj
 0001:00008240       ?isReleasable@PxBase@physx@@UEBA_NXZ 0000000180009240 f i Cooking.obj
 0001:00008280       ?isValid@PxBVHStructureDesc@physx@@QEBA_NXZ 0000000180009280 f i Cooking.obj
 0001:000082c0       ?isValid@PxConvexMeshDesc@physx@@QEBA_NXZ 00000001800092c0 f i Cooking.obj
 0001:000084d0       ?isValid@PxHeightFieldDesc@physx@@QEBA_NXZ 00000001800094d0 f i Cooking.obj
 0001:00008580       ?isValid@PxSimpleTriangleMesh@physx@@QEBA_NXZ 0000000180009580 f i Cooking.obj
 0001:00008660       ?isValid@PxTriangleMeshDesc@physx@@QEBA_NXZ 0000000180009660 f i Cooking.obj
 0001:000086d0       ?isValidVertex@HeightField@Gu@physx@@QEBA_NI@Z 00000001800096d0 f i Cooking.obj
 0001:00008710       ?isZerothVertexShared@HeightField@Gu@physx@@QEBA_NI@Z 0000000180009710 f i Cooking.obj
 0001:00008760       ?littleEndian@shdfnd@physx@@YADXZ 0000000180009760 f i Cooking.obj
 0001:00008780       ?markSerializedMem@Cm@physx@@YAXPEAXI@Z 0000000180009780 f i Cooking.obj
 0001:000087c0       ?memCopy@intrinsics@physx@@YAPEAXPEAXPEBXI@Z 00000001800097c0 f i Cooking.obj
 0001:000087f0       ?outputSegment@RenderOutput@Cm@physx@@QEAAXAEBVPxVec3@3@0@Z 00000001800097f0 f i Cooking.obj
 0001:00008870       ?preExportDataReset@ConvexMesh@Gu@physx@@QEAAXXZ 0000000180009870 f i Cooking.obj
 0001:00008890       ?preExportDataReset@HeightField@Gu@physx@@QEAAXXZ 0000000180009890 f i Cooking.obj
 0001:000088b0       ?preExportDataReset@RefCountable@Cm@physx@@QEAAXXZ 00000001800098b0 f i Cooking.obj
 0001:000088d0       ?recreate@?$Array@UPxDebugLine@physx@@VNamedAllocator@shdfnd@2@@shdfnd@physx@@IEAAXI@Z 00000001800098d0 f i Cooking.obj
 0001:000089f0       ?reserve@?$Array@UPxDebugLine@physx@@VNamedAllocator@shdfnd@2@@shdfnd@physx@@QEAAXI@Z 00000001800099f0 f i Cooking.obj
 0001:00008a20       ?reserveSegments@RenderOutput@Cm@physx@@QEAAPEAUPxDebugLine@3@I@Z 0000000180009a20 f i Cooking.obj
 0001:00008a50       ?size@?$Array@UPxDebugLine@physx@@VNamedAllocator@shdfnd@2@@shdfnd@physx@@QEBAIXZ 0000000180009a50 f i Cooking.obj
 0001:00008a60       ?tessFlag@PxHeightFieldSample@physx@@QEBAEXZ 0000000180009a60 f i Cooking.obj
 0001:00008aa0       ??0ReducedVertexCloud@physx@@QEAA@PEBVPxVec3@1@I@Z 0000000180009aa0 f   CookingUtils.obj
 0001:00008b00       ??1ReducedVertexCloud@physx@@QEAA@XZ 0000000180009b00 f   CookingUtils.obj
 0001:00008b20       ?Clean@ReducedVertexCloud@physx@@QEAAAEAV12@XZ 0000000180009b20 f   CookingUtils.obj
 0001:00008b90       ?Reduce@ReducedVertexCloud@physx@@QEAA_NPEAUREDUCEDCLOUD@2@@Z 0000000180009b90 f   CookingUtils.obj
 0001:00009090       ??$?_UM@@YAPEAX_KV?$ReflectionAllocator@M@shdfnd@physx@@PEBDH@Z 000000018000a090 f i CookingUtils.obj
 0001:000090d0       ??0?$ReflectionAllocator@M@shdfnd@physx@@QEAA@PEBD@Z 000000018000a0d0 f i CookingUtils.obj
 0001:000090e0       ?allocate@?$ReflectionAllocator@M@shdfnd@physx@@QEAAPEAX_KPEBDH@Z 000000018000a0e0 f i CookingUtils.obj
 0001:00009160       ?getName@?$ReflectionAllocator@M@shdfnd@physx@@CAPEBDXZ 000000018000a160 f i CookingUtils.obj
 0001:000091a0       ??0EdgeList@Gu@physx@@QEAA@XZ 000000018000a1a0 f   EdgeList.obj
 0001:000091f0       ??1EdgeList@Gu@physx@@QEAA@XZ 000000018000a1f0 f   EdgeList.obj
 0001:000092b0       ?load@EdgeList@Gu@physx@@QEAA_NAEAVPxInputStream@3@@Z 000000018000a2b0 f   EdgeList.obj
 0001:000095e0       ??0EdgeListBuilder@Gu@physx@@QEAA@XZ 000000018000a5e0 f   EdgeList.obj
 0001:00009610       ??1EdgeListBuilder@Gu@physx@@QEAA@XZ 000000018000a610 f   EdgeList.obj
 0001:00009630       ?init@EdgeListBuilder@Gu@physx@@QEAA_NAEBUEDGELISTCREATE@23@@Z 000000018000a630 f   EdgeList.obj
 0001:00009810       ?createFacesToEdges@EdgeListBuilder@Gu@physx@@AEAA_NIPEBIPEBG@Z 000000018000a810 f   EdgeList.obj
 0001:00009fe0       ?createEdgesToFaces@EdgeListBuilder@Gu@physx@@AEAA_NIPEBIPEBG@Z 000000018000afe0 f   EdgeList.obj
 0001:0000a580       ?computeActiveEdges@EdgeListBuilder@Gu@physx@@AEAA_NIPEBIPEBGPEBVPxVec3@3@M@Z 000000018000b580 f   EdgeList.obj
 0001:0000c070       ??$?_UUEdgeData@Gu@physx@@@@YAPEAX_KV?$ReflectionAllocator@UEdgeData@Gu@physx@@@shdfnd@physx@@PEBDH@Z 000000018000d070 f i EdgeList.obj
 0001:0000c0b0       ??$?_UUEdgeTriangleData@Gu@physx@@@@YAPEAX_KV?$ReflectionAllocator@UEdgeTriangleData@Gu@physx@@@shdfnd@physx@@PEBDH@Z 000000018000d0b0 f i EdgeList.obj
 0001:0000c0f0       ??0?$ReflectionAllocator@UEdgeData@Gu@physx@@@shdfnd@physx@@QEAA@PEBD@Z 000000018000d0f0 f i EdgeList.obj
 0001:0000c100       ??0?$ReflectionAllocator@UEdgeTriangleData@Gu@physx@@@shdfnd@physx@@QEAA@PEBD@Z 000000018000d100 f i EdgeList.obj
 0001:0000c110       ??0PxPlane@physx@@QEAA@AEBVPxVec3@1@00@Z 000000018000d110 f i EdgeList.obj
 0001:0000c1d0       ??0PxTriangle@physx@@QEAA@AEBVPxVec3@1@00@Z 000000018000d1d0 f i EdgeList.obj
 0001:0000c280       ??1PxTriangle@physx@@QEAA@XZ 000000018000d280 f i EdgeList.obj
 0001:0000c290       ??DPxVec3@physx@@QEBA?AV01@M@Z 000000018000d290 f i EdgeList.obj
 0001:0000c300       ??GPxVec3@physx@@QEBA?AV01@AEBV01@@Z 000000018000d300 f i EdgeList.obj
 0001:0000c380       ??_0PxVec3@physx@@QEAAAEAV01@M@Z 000000018000d380 f i EdgeList.obj
 0001:0000c400       ?PxAtan2@physx@@YAMMM@Z    000000018000d400 f i EdgeList.obj
 0001:0000c430       ?PxRecipSqrt@physx@@YAMM@Z 000000018000d430 f i EdgeList.obj
 0001:0000c450       ?PxSqrt@physx@@YAMM@Z      000000018000d450 f i EdgeList.obj
 0001:0000c470       ?allocate@?$ReflectionAllocator@UEdgeData@Gu@physx@@@shdfnd@physx@@QEAAPEAX_KPEBDH@Z 000000018000d470 f i EdgeList.obj
 0001:0000c4f0       ?allocate@?$ReflectionAllocator@UEdgeTriangleData@Gu@physx@@@shdfnd@physx@@QEAAPEAX_KPEBDH@Z 000000018000d4f0 f i EdgeList.obj
 0001:0000c570       ?angle@shdfnd@physx@@YAMAEBVPxVec3@2@0@Z 000000018000d570 f i EdgeList.obj
 0001:0000c5d0       ?cross@PxVec3@physx@@QEBA?AV12@AEBV12@@Z 000000018000d5d0 f i EdgeList.obj
 0001:0000c690       ?distance@PxPlane@physx@@QEBAMAEBVPxVec3@2@@Z 000000018000d690 f i EdgeList.obj
 0001:0000c6c0       ?dot@PxVec3@physx@@QEBAMAEBV12@@Z 000000018000d6c0 f i EdgeList.obj
 0001:0000c710       ?getEdgeToTriangles@EdgeList@Gu@physx@@QEBAPEBUEdgeDescData@23@XZ 000000018000d710 f i EdgeList.obj
 0001:0000c720       ?getEdges@EdgeList@Gu@physx@@QEBAPEBUEdgeData@23@XZ 000000018000d720 f i EdgeList.obj
 0001:0000c730       ?getFacesByEdges@EdgeList@Gu@physx@@QEBAPEBIXZ 000000018000d730 f i EdgeList.obj
 0001:0000c740       ?getName@?$ReflectionAllocator@UEdgeData@Gu@physx@@@shdfnd@physx@@CAPEBDXZ 000000018000d740 f i EdgeList.obj
 0001:0000c780       ?getName@?$ReflectionAllocator@UEdgeTriangleData@Gu@physx@@@shdfnd@physx@@CAPEBDXZ 000000018000d780 f i EdgeList.obj
 0001:0000c7c0       ?getNbEdges@EdgeList@Gu@physx@@QEBAIXZ 000000018000d7c0 f i EdgeList.obj
 0001:0000c7d0       ?getNormalized@PxVec3@physx@@QEBA?AV12@XZ 000000018000d7d0 f i EdgeList.obj
 0001:0000c860       ?magnitude@PxVec3@physx@@QEBAMXZ 000000018000d860 f i EdgeList.obj
 0001:0000c880       ?magnitudeSquared@PxVec3@physx@@QEBAMXZ 000000018000d880 f i EdgeList.obj
 0001:0000c8d0       ?normal@PxTriangle@physx@@QEBAXAEAVPxVec3@2@@Z 000000018000d8d0 f i EdgeList.obj
 0001:0000c990       ?normalize@PxVec3@physx@@QEAAMXZ 000000018000d990 f i EdgeList.obj
 0001:0000c9e0       ?recipSqrt@intrinsics@physx@@YAMM@Z 000000018000d9e0 f i EdgeList.obj
 0001:0000ca10       ?sqrt@intrinsics@physx@@YAMM@Z 000000018000da10 f i EdgeList.obj
 0001:0000ca30       fabsf                      000000018000da30 f i EdgeList.obj
 0001:0000ca50       ??0MeshCleaner@physx@@QEAA@IPEBVPxVec3@1@IPEBIM@Z 000000018000da50 f   MeshCleaner.obj
 0001:0000d720       ??1MeshCleaner@physx@@QEAA@XZ 000000018000e720 f   MeshCleaner.obj
 0001:0000da30       ??9Indices@@QEBA_NAEBU0@@Z 000000018000ea30 f i MeshCleaner.obj
 0001:0000dad0       ??9PxVec3@physx@@QEBA_NAEBV01@@Z 000000018000ead0 f i MeshCleaner.obj
 0001:0000db40       ?PxFloor@physx@@YAMM@Z     000000018000eb40 f i MeshCleaner.obj
 0001:0000db60       ?nextPowerOfTwo@shdfnd@physx@@YAII@Z 000000018000eb60 f i MeshCleaner.obj
 0001:0000dbd0       ?createQuantizer@physx@@YAPEAVQuantizer@1@XZ 000000018000ebd0 f   Quantizer.obj
 0001:0000dc50       ?kmeans_cluster3d@@YAIPEBVPxVec3@physx@@IIPEAV12@PEAIMM@Z 000000018000ec50 f   Quantizer.obj
 0001:0000dcb0       ??$?2V?$ReflectionAllocator@VQuantizerImpl@@@shdfnd@physx@@@UserAllocated@shdfnd@physx@@SAPEAX_KV?$ReflectionAllocator@VQuantizerImpl@@@12@PEBDH@Z 000000018000ecb0 f i Quantizer.obj
 0001:0000dcf0       ??$PX_UNUSED@W4PxZERO@physx@@@@YAXAEBW4PxZERO@physx@@@Z 000000018000ecf0 f i Quantizer.obj
 0001:0000dd00       ??$PxMax@M@physx@@YAMMM@Z  000000018000ed00 f i Quantizer.obj
 0001:0000dd30       ??$PxMin@M@physx@@YAMMM@Z  000000018000ed30 f i Quantizer.obj
 0001:0000dd60       ??$kmeans_cluster@VPxVec3@physx@@M@@YAIPEBVPxVec3@physx@@IIPEAV01@PEAIMM@Z 000000018000ed60 f i Quantizer.obj
 0001:0000e4c0       ??0?$Array@VPxVec3@physx@@VNamedAllocator@shdfnd@2@@shdfnd@physx@@QEAA@AEBVNamedAllocator@12@@Z 000000018000f4c0 f i Quantizer.obj
 0001:0000e510       ??0?$ReflectionAllocator@VQuantizerImpl@@@shdfnd@physx@@QEAA@PEBD@Z 000000018000f510 f i Quantizer.obj
 0001:0000e520       ??0PxBounds3@physx@@QEAA@XZ 000000018000f520 f i Quantizer.obj
 0001:0000e560       ??0PxVec3@physx@@QEAA@W4PxZERO@1@@Z 000000018000f560 f i Quantizer.obj
 0001:0000e5b0       ??0Quantizer@physx@@QEAA@XZ 000000018000f5b0 f i Quantizer.obj
 0001:0000e5d0       ??0QuantizerImpl@@QEAA@XZ  000000018000f5d0 f i Quantizer.obj
 0001:0000e6d0       ??1?$Array@VPxVec3@physx@@VNamedAllocator@shdfnd@2@@shdfnd@physx@@QEAA@XZ 000000018000f6d0 f i Quantizer.obj
 0001:0000e740       ??1Quantizer@physx@@MEAA@XZ 000000018000f740 f i Quantizer.obj
 0001:0000e760       ??1QuantizerImpl@@EEAA@XZ  000000018000f760 f i Quantizer.obj
 0001:0000e7b0       ??A?$Array@VPxVec3@physx@@VNamedAllocator@shdfnd@2@@shdfnd@physx@@QEAAAEAVPxVec3@2@I@Z 000000018000f7b0 f i Quantizer.obj
 0001:0000e830       ??APxVec3@physx@@QEAAAEAMI@Z 000000018000f830 f i Quantizer.obj
 0001:0000e880       ??HPxVec3@physx@@QEBA?AV01@AEBV01@@Z 000000018000f880 f i Quantizer.obj
 0001:0000e900       ??XPxVec3@physx@@QEAAAEAV01@M@Z 000000018000f900 f i Quantizer.obj
 0001:0000e960       ??YPxVec3@physx@@QEAAAEAV01@AEBV01@@Z 000000018000f960 f i Quantizer.obj
 0001:0000e9d0       ??_EQuantizer@physx@@MEAAPEAXI@Z 000000018000f9d0 f i Quantizer.obj
 0001:0000e9d0       ??_GQuantizer@physx@@MEAAPEAXI@Z 000000018000f9d0 f i Quantizer.obj
 0001:0000ea10       ??_EQuantizerImpl@@EEAAPEAXI@Z 000000018000fa10 f i Quantizer.obj
 0001:0000ea10       ??_GQuantizerImpl@@EEAAPEAXI@Z 000000018000fa10 f i Quantizer.obj
 0001:0000ea70       ?PxAbs@physx@@YAMM@Z       000000018000fa70 f i Quantizer.obj
 0001:0000ea90       ?PxIsFinite@physx@@YA_NM@Z 000000018000fa90 f i Quantizer.obj
 0001:0000eab0       ?abs@intrinsics@physx@@YAMM@Z 000000018000fab0 f i Quantizer.obj
 0001:0000ead0       ?allocate@?$Array@VPxVec3@physx@@VNamedAllocator@shdfnd@2@@shdfnd@physx@@IEAAPEAVPxVec3@3@I@Z 000000018000fad0 f i Quantizer.obj
 0001:0000eb60       ?allocate@?$ReflectionAllocator@VQuantizerImpl@@@shdfnd@physx@@QEAAPEAX_KPEBDH@Z 000000018000fb60 f i Quantizer.obj
 0001:0000ebe0       ?capacity@?$Array@VPxVec3@physx@@VNamedAllocator@shdfnd@2@@shdfnd@physx@@QEBAIXZ 000000018000fbe0 f i Quantizer.obj
 0001:0000ec00       ?capacityIncrement@?$Array@VPxVec3@physx@@VNamedAllocator@shdfnd@2@@shdfnd@physx@@IEBAIXZ 000000018000fc00 f i Quantizer.obj
 0001:0000ec40       ?clear@?$Array@VPxVec3@physx@@VNamedAllocator@shdfnd@2@@shdfnd@physx@@QEAAXXZ 000000018000fc40 f i Quantizer.obj
 0001:0000ec80       ?copy@?$Array@VPxVec3@physx@@VNamedAllocator@shdfnd@2@@shdfnd@physx@@KAXPEAVPxVec3@3@0PEBV43@@Z 000000018000fc80 f i Quantizer.obj
 0001:0000ed10       ?deallocate@?$Array@VPxVec3@physx@@VNamedAllocator@shdfnd@2@@shdfnd@physx@@IEAAXPEAX@Z 000000018000fd10 f i Quantizer.obj
 0001:0000ed40       ?destroy@?$Array@VPxVec3@physx@@VNamedAllocator@shdfnd@2@@shdfnd@physx@@KAXPEAVPxVec3@3@0@Z 000000018000fd40 f i Quantizer.obj
 0001:0000ed70       ?getCenter@PxBounds3@physx@@QEBA?AVPxVec3@2@XZ 000000018000fd70 f i Quantizer.obj
 0001:0000edf0       ?getDenormalizeCenter@QuantizerImpl@@UEBAAEBVPxVec3@physx@@XZ 000000018000fdf0 f i Quantizer.obj
 0001:0000ee00       ?getDenormalizeScale@QuantizerImpl@@UEBAAEBVPxVec3@physx@@XZ 000000018000fe00 f i Quantizer.obj
 0001:0000ee10       ?getDimensions@PxBounds3@physx@@QEBA?AVPxVec3@2@XZ 000000018000fe10 f i Quantizer.obj
 0001:0000ee70       ?getName@?$ReflectionAllocator@VQuantizerImpl@@@shdfnd@physx@@CAPEBDXZ 000000018000fe70 f i Quantizer.obj
 0001:0000eeb0       ?growAndPushBack@?$Array@VPxVec3@physx@@VNamedAllocator@shdfnd@2@@shdfnd@physx@@IEAAAEAVPxVec3@3@AEBV43@@Z 000000018000feb0 f i Quantizer.obj
 0001:0000f060       ?include@PxBounds3@physx@@QEAAXAEBVPxVec3@2@@Z 0000000180010060 f i Quantizer.obj
 0001:0000f0f0       ?isFinite@PxBounds3@physx@@QEBA_NXZ 00000001800100f0 f i Quantizer.obj
 0001:0000f150       ?isFinite@PxVec3@physx@@QEBA_NXZ 0000000180010150 f i Quantizer.obj
 0001:0000f1c0       ?isFinite@intrinsics@physx@@YA_NM@Z 00000001800101c0 f i Quantizer.obj
 0001:0000f200       ?isInUserMemory@?$Array@VPxVec3@physx@@VNamedAllocator@shdfnd@2@@shdfnd@physx@@QEBAIXZ 0000000180010200 f i Quantizer.obj
 0001:0000f220       ?isValid@PxBounds3@physx@@QEBA_NXZ 0000000180010220 f i Quantizer.obj
 0001:0000f310       ?kmeansQuantize3D@QuantizerImpl@@UEAAPEBVPxVec3@physx@@IPEBV23@I_NIAEAI@Z 0000000180010310 f i Quantizer.obj
 0001:0000f640       ?maximum@PxVec3@physx@@QEBA?AV12@AEBV12@@Z 0000000180010640 f i Quantizer.obj
 0001:0000f6e0       ?minimum@PxVec3@physx@@QEBA?AV12@AEBV12@@Z 00000001800106e0 f i Quantizer.obj
 0001:0000f780       ?multiply@PxVec3@physx@@QEBA?AV12@AEBV12@@Z 0000000180010780 f i Quantizer.obj
 0001:0000f800       ?normalizeInput@QuantizerImpl@@AEAAXIPEBVPxVec3@physx@@I@Z 0000000180010800 f i Quantizer.obj
 0001:0000faa0       ?pushBack@?$Array@VPxVec3@physx@@VNamedAllocator@shdfnd@2@@shdfnd@physx@@QEAAAEAVPxVec3@3@AEBV43@@Z 0000000180010aa0 f i Quantizer.obj
 0001:0000fb60       ?release@QuantizerImpl@@UEAAXXZ 0000000180010b60 f i Quantizer.obj
 0001:0000fbb0       ?selectMax@intrinsics@physx@@YAMMM@Z 0000000180010bb0 f i Quantizer.obj
 0001:0000fbf0       ?selectMin@intrinsics@physx@@YAMMM@Z 0000000180010bf0 f i Quantizer.obj
 0001:0000fc30       ?setEmpty@PxBounds3@physx@@QEAAXXZ 0000000180010c30 f i Quantizer.obj
 0001:0000fc80       ??0BVHStructureBuilder@physx@@QEAA@XZ 0000000180010c80 f   BVHStructureBuilder.obj
 0001:0000fcd0       ??1BVHStructureBuilder@physx@@QEAA@XZ 0000000180010cd0 f   BVHStructureBuilder.obj
 0001:0000fd60       ?loadFromDesc@BVHStructureBuilder@physx@@QEAA_NAEBVPxBVHStructureDesc@2@@Z 0000000180010d60 f   BVHStructureBuilder.obj
 0001:000100a0       ?save@BVHStructureBuilder@physx@@QEBA_NAEAVPxOutputStream@2@_N@Z 00000001800110a0 f   BVHStructureBuilder.obj
 0001:000102a0       ?moveData@BVHStructureBuilder@physx@@QEAAXAEAUBVHStructureData@Gu@2@@Z 00000001800112a0 f   BVHStructureBuilder.obj
 0001:00010350       ?flatten@@YAXAEBVNodeAllocator@Gu@physx@@PEAUBVHNode@23@@Z 0000000180011350 f   BVHStructureBuilder.obj
 0001:000106f0       ??$?4VNamedAllocator@shdfnd@physx@@@?$Array@USlab@NodeAllocator@Gu@physx@@VNamedAllocator@shdfnd@4@@shdfnd@physx@@QEAAAEAV012@AEBV012@@Z 00000001800116f0 f i BVHStructureBuilder.obj
 0001:00010780       ??$PX_UNUSED@_N@@YAXAEB_N@Z 0000000180011780 f i BVHStructureBuilder.obj
 0001:00010790       ??$copy@VNamedAllocator@shdfnd@physx@@@?$Array@USlab@NodeAllocator@Gu@physx@@VNamedAllocator@shdfnd@4@@shdfnd@physx@@IEAAXAEBV012@@Z 0000000180011790 f i BVHStructureBuilder.obj
 0001:00010850       ??0?$Array@USlab@NodeAllocator@Gu@physx@@VNamedAllocator@shdfnd@4@@shdfnd@physx@@QEAA@AEBV012@AEBVNamedAllocator@12@@Z 0000000180011850 f i BVHStructureBuilder.obj
 0001:00010890       ??0AABBTreeBuildNode@Gu@physx@@QEAA@AEBV012@@Z 0000000180011890 f i BVHStructureBuilder.obj
 0001:000108f0       ??0AABBTreeBuildNode@Gu@physx@@QEAA@XZ 00000001800118f0 f i BVHStructureBuilder.obj
 0001:00010910       ??0AABBTreeBuildParams@Gu@physx@@QEAA@IIPEBVPxBounds3@2@@Z 0000000180011910 f i BVHStructureBuilder.obj
 0001:00010960       ??0BuildStats@Gu@physx@@QEAA@XZ 0000000180011960 f i BVHStructureBuilder.obj
 0001:00010990       ??0NodeAllocator@Gu@physx@@QEAA@AEBV012@@Z 0000000180011990 f i BVHStructureBuilder.obj
 0001:00010a20       ??0PxBounds3@physx@@QEAA@AEBV01@@Z 0000000180011a20 f i BVHStructureBuilder.obj
 0001:00010a70       ??0PxVec4@physx@@QEAA@XZ   0000000180011a70 f i BVHStructureBuilder.obj
 0001:00010a80       ??1AABBTreeBuildNode@Gu@physx@@QEAA@XZ 0000000180011a80 f i BVHStructureBuilder.obj
 0001:00010a90       ??1AABBTreeBuildParams@Gu@physx@@QEAA@XZ 0000000180011a90 f i BVHStructureBuilder.obj
 0001:00010ab0       ??4?$Array@USlab@NodeAllocator@Gu@physx@@VNamedAllocator@shdfnd@4@@shdfnd@physx@@QEAAAEAV012@AEBV012@@Z 0000000180011ab0 f i BVHStructureBuilder.obj
 0001:00010ae0       ??4AABBTreeBuildNode@Gu@physx@@QEAAAEAV012@AEBV012@@Z 0000000180011ae0 f i BVHStructureBuilder.obj
 0001:00010b40       ??4AABBTreeBuildParams@Gu@physx@@QEAAAEAV012@AEBV012@@Z 0000000180011b40 f i BVHStructureBuilder.obj
 0001:00010b70       ??4BuildStats@Gu@physx@@QEAAAEAU012@$$QEAU012@@Z 0000000180011b70 f i BVHStructureBuilder.obj
 0001:00010ba0       ??4BuildStats@Gu@physx@@QEAAAEAU012@AEBU012@@Z 0000000180011ba0 f i BVHStructureBuilder.obj
 0001:00010bc0       ??4NodeAllocator@Gu@physx@@QEAAAEAV012@AEBV012@@Z 0000000180011bc0 f i BVHStructureBuilder.obj
 0001:00010c30       ??4PxBounds3@physx@@QEAAAEAV01@AEBV01@@Z 0000000180011c30 f i BVHStructureBuilder.obj
 0001:00010c80       ??A?$Array@USlab@NodeAllocator@Gu@physx@@VNamedAllocator@shdfnd@4@@shdfnd@physx@@QEBAAEBUSlab@NodeAllocator@Gu@2@I@Z 0000000180011c80 f i BVHStructureBuilder.obj
 0001:00010d00       ??_FAABBTreeBuildParams@Gu@physx@@QEAAXXZ 0000000180011d00 f i BVHStructureBuilder.obj
 0001:00010d30       ?V4Add@aos@shdfnd@physx@@YA?AT__m128@@T4@0@Z 0000000180011d30 f i BVHStructureBuilder.obj
 0001:00010d60       ?V4LoadU@aos@shdfnd@physx@@YA?AT__m128@@QEBM@Z 0000000180011d60 f i BVHStructureBuilder.obj
 0001:00010d80       ?V4Scale@aos@shdfnd@physx@@YA?AT__m128@@T4@0@Z 0000000180011d80 f i BVHStructureBuilder.obj
 0001:00010db0       ?V4StoreA@aos@shdfnd@physx@@YAXT__m128@@PEAM@Z 0000000180011db0 f i BVHStructureBuilder.obj
 0001:00010e30       ?V4StoreU@aos@shdfnd@physx@@YAXT__m128@@PEAM@Z 0000000180011e30 f i BVHStructureBuilder.obj
 0001:00010e50       ?V4Sub@aos@shdfnd@physx@@YA?AT__m128@@T4@0@Z 0000000180011e50 f i BVHStructureBuilder.obj
 0001:00010e80       ?__global_array_delete@@YAXPEAX@Z 0000000180011e80 f i BVHStructureBuilder.obj
 0001:00010ea0       ?__global_array_delete@@YAXPEAX_K@Z 0000000180011ea0 f i BVHStructureBuilder.obj
 0001:00010ed0       ?__global_delete@@YAXPEAX@Z 0000000180011ed0 f i BVHStructureBuilder.obj
 0001:00010ef0       ?__global_delete@@YAXPEAX_K@Z 0000000180011ef0 f i BVHStructureBuilder.obj
 0001:00010f20       ?allocate@?$Array@USlab@NodeAllocator@Gu@physx@@VNamedAllocator@shdfnd@4@@shdfnd@physx@@IEAAPEAUSlab@NodeAllocator@Gu@3@I@Z 0000000180011f20 f i BVHStructureBuilder.obj
 0001:00010fb0       ?begin@?$Array@USlab@NodeAllocator@Gu@physx@@VNamedAllocator@shdfnd@4@@shdfnd@physx@@QEBAPEBUSlab@NodeAllocator@Gu@3@XZ 0000000180011fb0 f i BVHStructureBuilder.obj
 0001:00010fc0       ?capacity@?$Array@USlab@NodeAllocator@Gu@physx@@VNamedAllocator@shdfnd@4@@shdfnd@physx@@QEBAIXZ 0000000180011fc0 f i BVHStructureBuilder.obj
 0001:00010fe0       ?clear@?$Array@USlab@NodeAllocator@Gu@physx@@VNamedAllocator@shdfnd@4@@shdfnd@physx@@QEAAXXZ 0000000180011fe0 f i BVHStructureBuilder.obj
 0001:00011020       ?copy@?$Array@USlab@NodeAllocator@Gu@physx@@VNamedAllocator@shdfnd@4@@shdfnd@physx@@KAXPEAUSlab@NodeAllocator@Gu@3@0PEBU4563@@Z 0000000180012020 f i BVHStructureBuilder.obj
 0001:000110c0       ?deallocate@?$Array@USlab@NodeAllocator@Gu@physx@@VNamedAllocator@shdfnd@4@@shdfnd@physx@@IEAAXPEAX@Z 00000001800120c0 f i BVHStructureBuilder.obj
 0001:000110f0       ?destroy@?$Array@USlab@NodeAllocator@Gu@physx@@VNamedAllocator@shdfnd@4@@shdfnd@physx@@KAXPEAUSlab@NodeAllocator@Gu@3@0@Z 00000001800120f0 f i BVHStructureBuilder.obj
 0001:00011120       ?empty@?$Array@USlab@NodeAllocator@Gu@physx@@VNamedAllocator@shdfnd@4@@shdfnd@physx@@QEBA_NXZ 0000000180012120 f i BVHStructureBuilder.obj
 0001:00011150       ?getAABB@AABBTreeBuildNode@Gu@physx@@QEBAAEBVPxBounds3@3@XZ 0000000180012150 f i BVHStructureBuilder.obj
 0001:00011160       ?getCount@BuildStats@Gu@physx@@QEBAIXZ 0000000180012160 f i BVHStructureBuilder.obj
 0001:00011170       ?getNbPrimitives@AABBTreeBuildNode@Gu@physx@@QEBAIXZ 0000000180012170 f i BVHStructureBuilder.obj
 0001:00011180       ?getNbRuntimePrimitives@AABBTreeBuildNode@Gu@physx@@QEBAIXZ 0000000180012180 f i BVHStructureBuilder.obj
 0001:00011190       ?getNeg@AABBTreeBuildNode@Gu@physx@@QEBAPEBV123@XZ 0000000180012190 f i BVHStructureBuilder.obj
 0001:000111d0       ?getPos@AABBTreeBuildNode@Gu@physx@@QEBAPEBV123@XZ 00000001800121d0 f i BVHStructureBuilder.obj
 0001:000111e0       ?getPrimitives@AABBTreeBuildNode@Gu@physx@@QEAAPEAIPEAI@Z 00000001800121e0 f i BVHStructureBuilder.obj
 0001:00011200       ?getPrimitives@AABBTreeBuildNode@Gu@physx@@QEBAPEBIPEBI@Z 0000000180012200 f i BVHStructureBuilder.obj
 0001:00011220       ?grow@?$Array@USlab@NodeAllocator@Gu@physx@@VNamedAllocator@shdfnd@4@@shdfnd@physx@@IEAAXI@Z 0000000180012220 f i BVHStructureBuilder.obj
 0001:000112a0       ?increaseCount@BuildStats@Gu@physx@@QEAAXI@Z 00000001800122a0 f i BVHStructureBuilder.obj
 0001:000112c0       ?inflateBounds@@YAXAEAVPxBounds3@physx@@AEBV12@@Z 00000001800122c0 f i BVHStructureBuilder.obj
 0001:000114b0       ?isAligned16@aos@shdfnd@physx@@YA_NPEAX@Z 00000001800124b0 f i BVHStructureBuilder.obj
 0001:000114e0       ?isInUserMemory@?$Array@USlab@NodeAllocator@Gu@physx@@VNamedAllocator@shdfnd@4@@shdfnd@physx@@QEBAIXZ 00000001800124e0 f i BVHStructureBuilder.obj
 0001:00011500       ?isLeaf@AABBTreeBuildNode@Gu@physx@@QEBA_NXZ 0000000180012500 f i BVHStructureBuilder.obj
 0001:00011540       ?recreate@?$Array@USlab@NodeAllocator@Gu@physx@@VNamedAllocator@shdfnd@4@@shdfnd@physx@@IEAAXI@Z 0000000180012540 f i BVHStructureBuilder.obj
 0001:00011660       ?reserve@?$Array@USlab@NodeAllocator@Gu@physx@@VNamedAllocator@shdfnd@4@@shdfnd@physx@@QEAAXI@Z 0000000180012660 f i BVHStructureBuilder.obj
 0001:00011690       ?reset@AABBTreeBuildParams@Gu@physx@@QEAAXXZ 0000000180012690 f i BVHStructureBuilder.obj
 0001:000116f0       ?reset@BuildStats@Gu@physx@@QEAAXXZ 00000001800126f0 f i BVHStructureBuilder.obj
 0001:00011710       ?setCount@BuildStats@Gu@physx@@QEAAXI@Z 0000000180012710 f i BVHStructureBuilder.obj
 0001:00011730       ?setNbRunTimePrimitives@AABBTreeBuildNode@Gu@physx@@QEAAXI@Z 0000000180012730 f i BVHStructureBuilder.obj
 0001:00011750       ?size@?$Array@USlab@NodeAllocator@Gu@physx@@VNamedAllocator@shdfnd@4@@shdfnd@physx@@QEBAIXZ 0000000180012750 f i BVHStructureBuilder.obj
 0001:00011760       ?saveHeightField@physx@@YA_NAEBVHeightField@Gu@1@AEAVPxOutputStream@1@_N@Z 0000000180012760 f   HeightFieldCooking.obj
 0001:00011b10       ??APxVec3@physx@@QEBAAEBMI@Z 0000000180012b10 f i HeightFieldCooking.obj
 0001:00011b60       ??B?$PxFlags@W4Enum@PxHeightFieldFlag@physx@@G@physx@@QEBAGXZ 0000000180012b60 f i HeightFieldCooking.obj
 0001:00011b70       ?getData@HeightField@Gu@physx@@QEBAAEBUHeightFieldData@23@XZ 0000000180012b70 f i HeightFieldCooking.obj
 0001:00011b80       ?getMax@CenterExtents@Gu@physx@@QEBAMI@Z 0000000180012b80 f i HeightFieldCooking.obj
 0001:00011bd0       ?getMin@CenterExtents@Gu@physx@@QEBAMI@Z 0000000180012bd0 f i HeightFieldCooking.obj
 0001:00011c20       ?buildFromTriangles@RTreeCooker@physx@@SAXAEAURTree@Gu@2@PEBVPxVec3@2@IPEBGPEBIIAEAV?$Array@IVNamedAllocator@shdfnd@physx@@@shdfnd@2@PEAURemapCallback@12@MW4Enum@PxMeshCookingHint@2@@Z 0000000180012c20 f   RTreeCooking.obj
 0001:00013460       ??$PX_UNUSED@I@@YAXAEBI@Z  0000000180014460 f i RTreeCooking.obj
 0001:00013470       ??$PX_UNUSED@M@@YAXAEBM@Z  0000000180014470 f i RTreeCooking.obj
 0001:00013480       ??$PX_UNUSED@PEAURTreeNodeNQ@physx@@@@YAXAEBQEAURTreeNodeNQ@physx@@@Z 0000000180014480 f i RTreeCooking.obj
 0001:00013490       ??$PX_UNUSED@URTreeNodeNQ@physx@@@@YAXAEBURTreeNodeNQ@physx@@@Z 0000000180014490 f i RTreeCooking.obj
 0001:000134a0       ??$PxMax@H@physx@@YAHHH@Z  00000001800144a0 f i RTreeCooking.obj
 0001:000134d0       ??$PxMin@I@physx@@YAIII@Z  00000001800144d0 f i RTreeCooking.obj
 0001:00013500       ??$median3@I$$CBU?$Less@I@shdfnd@physx@@@internal@shdfnd@physx@@YAXPEAIHHAEBU?$Less@I@12@@Z 0000000180014500 f i RTreeCooking.obj
 0001:00013660       ??$median3@I$$CBUSortBoundsPredicate@physx@@@internal@shdfnd@physx@@YAXPEAIHHAEBUSortBoundsPredicate@2@@Z 0000000180014660 f i RTreeCooking.obj
 0001:000137c0       ??$partition@I$$CBU?$Less@I@shdfnd@physx@@@internal@shdfnd@physx@@YAHPEAIHHAEBU?$Less@I@12@@Z 00000001800147c0 f i RTreeCooking.obj
 0001:000139b0       ??$partition@I$$CBUSortBoundsPredicate@physx@@@internal@shdfnd@physx@@YAHPEAIHHAEBUSortBoundsPredicate@2@@Z 00000001800149b0 f i RTreeCooking.obj
 0001:00013ba0       ??$partition@UBoundsLTE@physx@@@quickSelect@physx@@YAIPEIAIIIIAEBUBoundsLTE@1@@Z 0000000180014ba0 f i RTreeCooking.obj
 0001:00013ef0       ??$quickSelectFirstK@UBoundsLTE@physx@@@quickSelect@physx@@YAXPEIAIIIIAEBUBoundsLTE@1@@Z 0000000180014ef0 f i RTreeCooking.obj
 0001:00014050       ??$smallSort@I$$CBU?$Less@I@shdfnd@physx@@@internal@shdfnd@physx@@YAXPEAIHHAEBU?$Less@I@12@@Z 0000000180015050 f i RTreeCooking.obj
 0001:00014130       ??$smallSort@I$$CBUSortBoundsPredicate@physx@@@internal@shdfnd@physx@@YAXPEAIHHAEBUSortBoundsPredicate@2@@Z 0000000180015130 f i RTreeCooking.obj
 0001:00014210       ??$sort@I@shdfnd@physx@@YAXPEAII@Z 0000000180015210 f i RTreeCooking.obj
 0001:00014260       ??$sort@IU?$Less@I@shdfnd@physx@@VNamedAllocator@23@@shdfnd@physx@@YAXPEAIIAEBU?$Less@I@01@AEBVNamedAllocator@01@I@Z 0000000180015260 f i RTreeCooking.obj
 0001:00014550       ??$sort@IUSortBoundsPredicate@physx@@@shdfnd@physx@@YAXPEAIIAEBUSortBoundsPredicate@1@@Z 0000000180015550 f i RTreeCooking.obj
 0001:000145a0       ??$sort@IUSortBoundsPredicate@physx@@VNamedAllocator@shdfnd@2@@shdfnd@physx@@YAXPEAIIAEBUSortBoundsPredicate@1@AEBVNamedAllocator@01@I@Z 00000001800155a0 f i RTreeCooking.obj
 0001:00014890       ??0?$AlignedAllocator@$0IA@VNonTrackingAllocator@shdfnd@physx@@@shdfnd@physx@@QEAA@AEBVNonTrackingAllocator@12@@Z 0000000180015890 f i RTreeCooking.obj
 0001:000148a0       ??0?$Array@IVNamedAllocator@shdfnd@physx@@@shdfnd@physx@@QEAA@IAEBIAEBVNamedAllocator@12@@Z 00000001800158a0 f i RTreeCooking.obj
 0001:00014910       ??0?$Array@UInterval@physx@@V?$InlineAllocator@$0CAAA@VNamedAllocator@shdfnd@physx@@@shdfnd@2@@shdfnd@physx@@QEAA@AEBV?$InlineAllocator@$0CAAA@VNamedAllocator@shdfnd@physx@@@12@@Z 0000000180015910 f i RTreeCooking.obj
 0001:00014970       ??0?$Array@UPxBounds3V@physx@@VNamedAllocator@shdfnd@2@@shdfnd@physx@@QEAA@AEBVNamedAllocator@12@@Z 0000000180015970 f i RTreeCooking.obj
 0001:000149c0       ??0?$Array@URTreeNodeNQ@physx@@VNamedAllocator@shdfnd@2@@shdfnd@physx@@QEAA@AEBVNamedAllocator@12@@Z 00000001800159c0 f i RTreeCooking.obj
 0001:00014a10       ??0?$Array@URTreeNodeQ@Gu@physx@@VNamedAllocator@shdfnd@3@@shdfnd@physx@@QEAA@AEBVNamedAllocator@12@@Z 0000000180015a10 f i RTreeCooking.obj
 0001:00014a60       ??0?$InlineAllocator@$0CAAA@VNamedAllocator@shdfnd@physx@@@shdfnd@physx@@QEAA@AEBV012@@Z 0000000180015a60 f i RTreeCooking.obj
 0001:00014aa0       ??0?$InlineAllocator@$0CAAA@VNamedAllocator@shdfnd@physx@@@shdfnd@physx@@QEAA@AEBVNamedAllocator@12@@Z 0000000180015aa0 f i RTreeCooking.obj
 0001:00014ae0       ??0?$InlineArray@UInterval@physx@@$0EAA@VNamedAllocator@shdfnd@2@@shdfnd@physx@@QEAA@AEBVNamedAllocator@12@@Z 0000000180015ae0 f i RTreeCooking.obj
 0001:00014b70       ??0?$ScopedPointer@HVTempAllocator@shdfnd@physx@@@shdfnd@physx@@QEAA@XZ 0000000180015b70 f i RTreeCooking.obj
 0001:00014b90       ??0?$Stack@VNamedAllocator@shdfnd@physx@@@internal@shdfnd@physx@@QEAA@PEAHIAEBVNamedAllocator@23@@Z 0000000180015b90 f i RTreeCooking.obj
 0001:00014c00       ??0BoundsLTE@physx@@QEAA@IPEBVPxVec3@1@@Z 0000000180015c00 f i RTreeCooking.obj
 0001:00014c30       ??0Interval@physx@@QEAA@II@Z 0000000180015c30 f i RTreeCooking.obj
 0001:00014c60       ??0PxBounds3@physx@@QEAA@AEBVPxVec3@1@0@Z 0000000180015c60 f i RTreeCooking.obj
 0001:00014cb0       ??0PxBounds3V@physx@@QEAA@AEAT__m128@@0@Z 0000000180015cb0 f i RTreeCooking.obj
 0001:00014cf0       ??0PxBounds3V@physx@@QEAA@UU@01@@Z 0000000180015cf0 f i RTreeCooking.obj
 0001:00014d00       ??0PxVec4@physx@@QEAA@AEBVPxVec3@1@M@Z 0000000180015d00 f i RTreeCooking.obj
 0001:00014d60       ??0PxVec4@physx@@QEAA@M@Z  0000000180015d60 f i RTreeCooking.obj
 0001:00014db0       ??0RTreeNodeNQ@physx@@QEAA@AEBU01@@Z 0000000180015db0 f i RTreeCooking.obj
 0001:00014e00       ??0RTreeNodeNQ@physx@@QEAA@XZ 0000000180015e00 f i RTreeCooking.obj
 0001:00014e40       ??0SortBoundsPredicate@physx@@QEAA@IPEBUPxBounds3V@1@@Z 0000000180015e40 f i RTreeCooking.obj
 0001:00014e70       ??0SubSortQuick@physx@@QEAA@PEAIPEBUPxBounds3V@1@IM@Z 0000000180015e70 f i RTreeCooking.obj
 0001:00014fe0       ??0SubSortSAH@physx@@QEAA@PEAIPEBUPxBounds3V@1@IPEBI22222M@Z 0000000180015fe0 f i RTreeCooking.obj
 0001:00015200       ??0TempAllocator@shdfnd@physx@@QEAA@PEBD@Z 0000000180016200 f i RTreeCooking.obj
 0001:00015210       ??1?$Array@IVNamedAllocator@shdfnd@physx@@@shdfnd@physx@@QEAA@XZ 0000000180016210 f i RTreeCooking.obj
 0001:00015280       ??1?$Array@UInterval@physx@@V?$InlineAllocator@$0CAAA@VNamedAllocator@shdfnd@physx@@@shdfnd@2@@shdfnd@physx@@QEAA@XZ 0000000180016280 f i RTreeCooking.obj
 0001:00015300       ??1?$Array@UPxBounds3V@physx@@VNamedAllocator@shdfnd@2@@shdfnd@physx@@QEAA@XZ 0000000180016300 f i RTreeCooking.obj
 0001:00015370       ??1?$Array@URTreeNodeNQ@physx@@VNamedAllocator@shdfnd@2@@shdfnd@physx@@QEAA@XZ 0000000180016370 f i RTreeCooking.obj
 0001:000153e0       ??1?$Array@URTreeNodeQ@Gu@physx@@VNamedAllocator@shdfnd@3@@shdfnd@physx@@QEAA@XZ 00000001800163e0 f i RTreeCooking.obj
 0001:00015450       ??1?$InlineAllocator@$0CAAA@VNamedAllocator@shdfnd@physx@@@shdfnd@physx@@QEAA@XZ 0000000180016450 f i RTreeCooking.obj
 0001:00015470       ??1?$InlineArray@UInterval@physx@@$0EAA@VNamedAllocator@shdfnd@2@@shdfnd@physx@@QEAA@XZ 0000000180016470 f i RTreeCooking.obj
 0001:00015490       ??1?$ScopedPointer@HVTempAllocator@shdfnd@physx@@@shdfnd@physx@@QEAA@XZ 0000000180016490 f i RTreeCooking.obj
 0001:000154c0       ??1?$Stack@VNamedAllocator@shdfnd@physx@@@internal@shdfnd@physx@@QEAA@XZ 00000001800164c0 f i RTreeCooking.obj
 0001:00015500       ??1SubSortQuick@physx@@QEAA@XZ 0000000180016500 f i RTreeCooking.obj
 0001:00015520       ??1SubSortSAH@physx@@QEAA@XZ 0000000180016520 f i RTreeCooking.obj
 0001:000155e0       ??4PxVec4@physx@@QEAAAEAV01@AEBV01@@Z 00000001800165e0 f i RTreeCooking.obj
 0001:00015640       ??A?$Array@IVNamedAllocator@shdfnd@physx@@@shdfnd@physx@@QEAAAEAII@Z 0000000180016640 f i RTreeCooking.obj
 0001:000156c0       ??A?$Array@UInterval@physx@@V?$InlineAllocator@$0CAAA@VNamedAllocator@shdfnd@physx@@@shdfnd@2@@shdfnd@physx@@QEAAAEAUInterval@2@I@Z 00000001800166c0 f i RTreeCooking.obj
 0001:00015740       ??A?$Array@URTreeNodeNQ@physx@@VNamedAllocator@shdfnd@2@@shdfnd@physx@@QEAAAEAURTreeNodeNQ@2@I@Z 0000000180016740 f i RTreeCooking.obj
 0001:000157c0       ??A?$Array@URTreeNodeQ@Gu@physx@@VNamedAllocator@shdfnd@3@@shdfnd@physx@@QEAAAEAURTreeNodeQ@Gu@2@I@Z 00000001800167c0 f i RTreeCooking.obj
 0001:00015840       ??B?$ScopedPointer@HVTempAllocator@shdfnd@physx@@@shdfnd@physx@@QEBAPEAHXZ 0000000180016840 f i RTreeCooking.obj
 0001:00015850       ??GPxVec4@physx@@QEBA?AV01@AEBV01@@Z 0000000180016850 f i RTreeCooking.obj
 0001:000158e0       ??KPxVec4@physx@@QEBA?AV01@M@Z 00000001800168e0 f i RTreeCooking.obj
 0001:00015980       ??R?$Less@I@shdfnd@physx@@QEBA_NAEBI0@Z 0000000180016980 f i RTreeCooking.obj
 0001:000159c0       ??RBoundsLTE@physx@@QEBA_NAEBI0@Z 00000001800169c0 f i RTreeCooking.obj
 0001:00015a60       ??RSortBoundsPredicate@physx@@QEBA_NAEBI0@Z 0000000180016a60 f i RTreeCooking.obj
 0001:00015b90       ?FMax@aos@shdfnd@physx@@YA?AT__m128@@XZ 0000000180016b90 f i RTreeCooking.obj
 0001:00015bb0       ?FNegMax@aos@shdfnd@physx@@YA?AT__m128@@XZ 0000000180016bb0 f i RTreeCooking.obj
 0001:00015bd0       ?FStore@aos@shdfnd@physx@@YAXT__m128@@PEIAM@Z 0000000180016bd0 f i RTreeCooking.obj
 0001:00015c60       ?PxAbs@physx@@YAHH@Z       0000000180016c60 f i RTreeCooking.obj
 0001:00015c80       ?V3Add@aos@shdfnd@physx@@YA?AT__m128@@T4@0@Z 0000000180016c80 f i RTreeCooking.obj
 0001:00015d90       ?V3Dot@aos@shdfnd@physx@@YA?AT__m128@@T4@0@Z 0000000180016d90 f i RTreeCooking.obj
 0001:00015f30       ?V3LoadU@aos@shdfnd@physx@@YA?AT__m128@@AEBVPxVec3@3@@Z 0000000180016f30 f i RTreeCooking.obj
 0001:00015f80       ?V3Max@aos@shdfnd@physx@@YA?AT__m128@@T4@0@Z 0000000180016f80 f i RTreeCooking.obj
 0001:00016090       ?V3Min@aos@shdfnd@physx@@YA?AT__m128@@T4@0@Z 0000000180017090 f i RTreeCooking.obj
 0001:000161a0       ?V3PermZXY@aos@shdfnd@physx@@YA?AT__m128@@T4@@Z 00000001800171a0 f i RTreeCooking.obj
 0001:00016230       ?V3ReadXYZ@aos@shdfnd@physx@@YAAEBVPxVec3@3@AEBT__m128@@@Z 0000000180017230 f i RTreeCooking.obj
 0001:00016240       ?V3Splat@aos@shdfnd@physx@@YA?AT__m128@@T4@@Z 0000000180017240 f i RTreeCooking.obj
 0001:00016320       ?V3StoreA@aos@shdfnd@physx@@YAXT__m128@@AEAVPxVec3@3@@Z 0000000180017320 f i RTreeCooking.obj
 0001:000163e0       ?V3StoreU@aos@shdfnd@physx@@YAXT__m128@@AEAVPxVec3@3@@Z 00000001800173e0 f i RTreeCooking.obj
 0001:00016450       ?V3Sub@aos@shdfnd@physx@@YA?AT__m128@@T4@0@Z 0000000180017450 f i RTreeCooking.obj
 0001:00016560       ?V3Zero@aos@shdfnd@physx@@YA?AT__m128@@XZ 0000000180017560 f i RTreeCooking.obj
 0001:00016580       ?V4ClearW@aos@shdfnd@physx@@YA?AT__m128@@T4@@Z 0000000180017580 f i RTreeCooking.obj
 0001:000165b0       ?V4ReadW@aos@shdfnd@physx@@YAMAEBT__m128@@@Z 00000001800175b0 f i RTreeCooking.obj
 0001:000165c0       ?V4ReadX@aos@shdfnd@physx@@YAMAEBT__m128@@@Z 00000001800175c0 f i RTreeCooking.obj
 0001:000165d0       ?V4ReadY@aos@shdfnd@physx@@YAMAEBT__m128@@@Z 00000001800175d0 f i RTreeCooking.obj
 0001:000165e0       ?V4ReadZ@aos@shdfnd@physx@@YAMAEBT__m128@@@Z 00000001800175e0 f i RTreeCooking.obj
 0001:000165f0       ?Vec3V_From_FloatV@aos@shdfnd@physx@@YA?AT__m128@@T4@@Z 00000001800175f0 f i RTreeCooking.obj
 0001:00016640       ?Vec3V_From_Vec4V@aos@shdfnd@physx@@YA?AT__m128@@T4@@Z 0000000180017640 f i RTreeCooking.obj
 0001:00016670       ?Vec4V_From_FloatV@aos@shdfnd@physx@@YA?AT__m128@@T4@@Z 0000000180017670 f i RTreeCooking.obj
 0001:00016680       ?allocate@?$AlignedAllocator@$0IA@VNonTrackingAllocator@shdfnd@physx@@@shdfnd@physx@@QEAAPEAX_KPEBDH@Z 0000000180017680 f i RTreeCooking.obj
 0001:00016720       ?allocate@?$Array@IVNamedAllocator@shdfnd@physx@@@shdfnd@physx@@IEAAPEAII@Z 0000000180017720 f i RTreeCooking.obj
 0001:000167b0       ?allocate@?$Array@UInterval@physx@@V?$InlineAllocator@$0CAAA@VNamedAllocator@shdfnd@physx@@@shdfnd@2@@shdfnd@physx@@IEAAPEAUInterval@3@I@Z 00000001800177b0 f i RTreeCooking.obj
 0001:00016840       ?allocate@?$Array@UPxBounds3V@physx@@VNamedAllocator@shdfnd@2@@shdfnd@physx@@IEAAPEAUPxBounds3V@3@I@Z 0000000180017840 f i RTreeCooking.obj
 0001:000168d0       ?allocate@?$Array@URTreeNodeNQ@physx@@VNamedAllocator@shdfnd@2@@shdfnd@physx@@IEAAPEAURTreeNodeNQ@3@I@Z 00000001800178d0 f i RTreeCooking.obj
 0001:00016960       ?allocate@?$Array@URTreeNodeQ@Gu@physx@@VNamedAllocator@shdfnd@3@@shdfnd@physx@@IEAAPEAURTreeNodeQ@Gu@3@I@Z 0000000180017960 f i RTreeCooking.obj
 0001:000169f0       ?allocate@?$InlineAllocator@$0CAAA@VNamedAllocator@shdfnd@physx@@@shdfnd@physx@@QEAAPEAXIPEBDH@Z 00000001800179f0 f i RTreeCooking.obj
 0001:00016a60       ?allocate@NonTrackingAllocator@shdfnd@physx@@QEAAPEAX_KPEBDH@Z 0000000180017a60 f i RTreeCooking.obj
 0001:00016ad0       ?begin@?$Array@IVNamedAllocator@shdfnd@physx@@@shdfnd@physx@@QEAAPEAIXZ 0000000180017ad0 f i RTreeCooking.obj
 0001:00016ae0       ?begin@?$Array@UPxBounds3V@physx@@VNamedAllocator@shdfnd@2@@shdfnd@physx@@QEAAPEAUPxBounds3V@3@XZ 0000000180017ae0 f i RTreeCooking.obj
 0001:00016af0       ?begin@?$Array@VPxVec3@physx@@VNamedAllocator@shdfnd@2@@shdfnd@physx@@QEAAPEAVPxVec3@3@XZ 0000000180017af0 f i RTreeCooking.obj
 0001:00016b00       ?capacity@?$Array@IVNamedAllocator@shdfnd@physx@@@shdfnd@physx@@QEBAIXZ 0000000180017b00 f i RTreeCooking.obj
 0001:00016b20       ?capacity@?$Array@UInterval@physx@@V?$InlineAllocator@$0CAAA@VNamedAllocator@shdfnd@physx@@@shdfnd@2@@shdfnd@physx@@QEBAIXZ 0000000180017b20 f i RTreeCooking.obj
 0001:00016b40       ?capacity@?$Array@UPxBounds3V@physx@@VNamedAllocator@shdfnd@2@@shdfnd@physx@@QEBAIXZ 0000000180017b40 f i RTreeCooking.obj
 0001:00016b60       ?capacity@?$Array@URTreeNodeNQ@physx@@VNamedAllocator@shdfnd@2@@shdfnd@physx@@QEBAIXZ 0000000180017b60 f i RTreeCooking.obj
 0001:00016b80       ?capacity@?$Array@URTreeNodeQ@Gu@physx@@VNamedAllocator@shdfnd@3@@shdfnd@physx@@QEBAIXZ 0000000180017b80 f i RTreeCooking.obj
 0001:00016ba0       ?capacityIncrement@?$Array@IVNamedAllocator@shdfnd@physx@@@shdfnd@physx@@IEBAIXZ 0000000180017ba0 f i RTreeCooking.obj
 0001:00016be0       ?capacityIncrement@?$Array@UInterval@physx@@V?$InlineAllocator@$0CAAA@VNamedAllocator@shdfnd@physx@@@shdfnd@2@@shdfnd@physx@@IEBAIXZ 0000000180017be0 f i RTreeCooking.obj
 0001:00016c20       ?capacityIncrement@?$Array@UPxBounds3V@physx@@VNamedAllocator@shdfnd@2@@shdfnd@physx@@IEBAIXZ 0000000180017c20 f i RTreeCooking.obj
 0001:00016c60       ?capacityIncrement@?$Array@URTreeNodeNQ@physx@@VNamedAllocator@shdfnd@2@@shdfnd@physx@@IEBAIXZ 0000000180017c60 f i RTreeCooking.obj
 0001:00016ca0       ?capacityIncrement@?$Array@URTreeNodeQ@Gu@physx@@VNamedAllocator@shdfnd@3@@shdfnd@physx@@IEBAIXZ 0000000180017ca0 f i RTreeCooking.obj
 0001:00016ce0       ?computeSA@SubSortSAH@physx@@QEAAMPEBIAEBUInterval@2@@Z 0000000180017ce0 f i RTreeCooking.obj
 0001:00016ef0       ?copy@?$Array@IVNamedAllocator@shdfnd@physx@@@shdfnd@physx@@KAXPEAI0PEBI@Z 0000000180017ef0 f i RTreeCooking.obj
 0001:00016f90       ?copy@?$Array@UInterval@physx@@V?$InlineAllocator@$0CAAA@VNamedAllocator@shdfnd@physx@@@shdfnd@2@@shdfnd@physx@@KAXPEAUInterval@3@0PEBU43@@Z 0000000180017f90 f i RTreeCooking.obj
 0001:00017030       ?copy@?$Array@UPxBounds3V@physx@@VNamedAllocator@shdfnd@2@@shdfnd@physx@@KAXPEAUPxBounds3V@3@0PEBU43@@Z 0000000180018030 f i RTreeCooking.obj
 0001:000170d0       ?copy@?$Array@URTreeNodeNQ@physx@@VNamedAllocator@shdfnd@2@@shdfnd@physx@@KAXPEAURTreeNodeNQ@3@0PEBU43@@Z 00000001800180d0 f i RTreeCooking.obj
 0001:00017160       ?copy@?$Array@URTreeNodeQ@Gu@physx@@VNamedAllocator@shdfnd@3@@shdfnd@physx@@KAXPEAURTreeNodeQ@Gu@3@0PEBU453@@Z 0000000180018160 f i RTreeCooking.obj
 0001:00017200       ?create@?$Array@IVNamedAllocator@shdfnd@physx@@@shdfnd@physx@@KAXPEAI0AEBI@Z 0000000180018200 f i RTreeCooking.obj
 0001:00017280       ?deallocate@?$Array@IVNamedAllocator@shdfnd@physx@@@shdfnd@physx@@IEAAXPEAX@Z 0000000180018280 f i RTreeCooking.obj
 0001:000172b0       ?deallocate@?$Array@UInterval@physx@@V?$InlineAllocator@$0CAAA@VNamedAllocator@shdfnd@physx@@@shdfnd@2@@shdfnd@physx@@IEAAXPEAX@Z 00000001800182b0 f i RTreeCooking.obj
 0001:000172e0       ?deallocate@?$Array@UPxBounds3V@physx@@VNamedAllocator@shdfnd@2@@shdfnd@physx@@IEAAXPEAX@Z 00000001800182e0 f i RTreeCooking.obj
 0001:00017310       ?deallocate@?$Array@URTreeNodeNQ@physx@@VNamedAllocator@shdfnd@2@@shdfnd@physx@@IEAAXPEAX@Z 0000000180018310 f i RTreeCooking.obj
 0001:00017340       ?deallocate@?$Array@URTreeNodeQ@Gu@physx@@VNamedAllocator@shdfnd@3@@shdfnd@physx@@IEAAXPEAX@Z 0000000180018340 f i RTreeCooking.obj
 0001:00017370       ?deallocate@?$InlineAllocator@$0CAAA@VNamedAllocator@shdfnd@physx@@@shdfnd@physx@@QEAAXPEAX@Z 0000000180018370 f i RTreeCooking.obj
 0001:000173b0       ?destroy@?$Array@IVNamedAllocator@shdfnd@physx@@@shdfnd@physx@@KAXPEAI0@Z 00000001800183b0 f i RTreeCooking.obj
 0001:000173e0       ?destroy@?$Array@UInterval@physx@@V?$InlineAllocator@$0CAAA@VNamedAllocator@shdfnd@physx@@@shdfnd@2@@shdfnd@physx@@KAXPEAUInterval@3@0@Z 00000001800183e0 f i RTreeCooking.obj
 0001:00017410       ?destroy@?$Array@UPxBounds3V@physx@@VNamedAllocator@shdfnd@2@@shdfnd@physx@@KAXPEAUPxBounds3V@3@0@Z 0000000180018410 f i RTreeCooking.obj
 0001:00017440       ?destroy@?$Array@URTreeNodeNQ@physx@@VNamedAllocator@shdfnd@2@@shdfnd@physx@@KAXPEAURTreeNodeNQ@3@0@Z 0000000180018440 f i RTreeCooking.obj
 0001:00017470       ?destroy@?$Array@URTreeNodeQ@Gu@physx@@VNamedAllocator@shdfnd@3@@shdfnd@physx@@KAXPEAURTreeNodeQ@Gu@3@0@Z 0000000180018470 f i RTreeCooking.obj
 0001:000174a0       ?empty@?$Stack@VNamedAllocator@shdfnd@physx@@@internal@shdfnd@physx@@QEAA_NXZ 00000001800184a0 f i RTreeCooking.obj
 0001:000174d0       ?empty@PxBounds3@physx@@SA?AV12@XZ 00000001800184d0 f i RTreeCooking.obj
 0001:00017530       ?getExtents@PxBounds3V@physx@@QEBA?AT__m128@@XZ 0000000180018530 f i RTreeCooking.obj
 0001:00017590       ?getMaxVec3@PxBounds3V@physx@@QEBA?BVPxVec3@2@XZ 0000000180018590 f i RTreeCooking.obj
 0001:000175e0       ?getMinVec3@PxBounds3V@physx@@QEBA?BVPxVec3@2@XZ 00000001800185e0 f i RTreeCooking.obj
 0001:00017630       ?grow@?$Array@IVNamedAllocator@shdfnd@physx@@@shdfnd@physx@@IEAAXI@Z 0000000180018630 f i RTreeCooking.obj
 0001:000176b0       ?grow@?$Array@UPxBounds3V@physx@@VNamedAllocator@shdfnd@2@@shdfnd@physx@@IEAAXI@Z 00000001800186b0 f i RTreeCooking.obj
 0001:00017730       ?grow@?$Array@URTreeNodeNQ@physx@@VNamedAllocator@shdfnd@2@@shdfnd@physx@@IEAAXI@Z 0000000180018730 f i RTreeCooking.obj
 0001:000177b0       ?grow@?$Array@URTreeNodeQ@Gu@physx@@VNamedAllocator@shdfnd@3@@shdfnd@physx@@IEAAXI@Z 00000001800187b0 f i RTreeCooking.obj
 0001:00017830       ?grow@?$Array@VPxVec3@physx@@VNamedAllocator@shdfnd@2@@shdfnd@physx@@IEAAXI@Z 0000000180018830 f i RTreeCooking.obj
 0001:000178b0       ?grow@?$Stack@VNamedAllocator@shdfnd@physx@@@internal@shdfnd@physx@@QEAAXXZ 00000001800188b0 f i RTreeCooking.obj
 0001:00017960       ?growAndPushBack@?$Array@IVNamedAllocator@shdfnd@physx@@@shdfnd@physx@@IEAAAEAIAEBI@Z 0000000180018960 f i RTreeCooking.obj
 0001:00017b00       ?growAndPushBack@?$Array@UInterval@physx@@V?$InlineAllocator@$0CAAA@VNamedAllocator@shdfnd@physx@@@shdfnd@2@@shdfnd@physx@@IEAAAEAUInterval@3@AEBU43@@Z 0000000180018b00 f i RTreeCooking.obj
 0001:00017cd0       ?growAndPushBack@?$Array@UPxBounds3V@physx@@VNamedAllocator@shdfnd@2@@shdfnd@physx@@IEAAAEAUPxBounds3V@3@AEBU43@@Z 0000000180018cd0 f i RTreeCooking.obj
 0001:00017ec0       ?growAndPushBack@?$Array@URTreeNodeNQ@physx@@VNamedAllocator@shdfnd@2@@shdfnd@physx@@IEAAAEAURTreeNodeNQ@3@AEBU43@@Z 0000000180018ec0 f i RTreeCooking.obj
 0001:00018070       ?growAndPushBack@?$Array@URTreeNodeQ@Gu@physx@@VNamedAllocator@shdfnd@3@@shdfnd@physx@@IEAAAEAURTreeNodeQ@Gu@3@AEBU453@@Z 0000000180019070 f i RTreeCooking.obj
 0001:00018260       ?include@PxBounds3V@physx@@QEAAXAEBU12@@Z 0000000180019260 f i RTreeCooking.obj
 0001:00018310       ?isInUserMemory@?$Array@IVNamedAllocator@shdfnd@physx@@@shdfnd@physx@@QEBAIXZ 0000000180019310 f i RTreeCooking.obj
 0001:00018330       ?isInUserMemory@?$Array@UInterval@physx@@V?$InlineAllocator@$0CAAA@VNamedAllocator@shdfnd@physx@@@shdfnd@2@@shdfnd@physx@@QEBAIXZ 0000000180019330 f i RTreeCooking.obj
 0001:00018350       ?isInUserMemory@?$Array@UPxBounds3V@physx@@VNamedAllocator@shdfnd@2@@shdfnd@physx@@QEBAIXZ 0000000180019350 f i RTreeCooking.obj
 0001:00018370       ?isInUserMemory@?$Array@URTreeNodeNQ@physx@@VNamedAllocator@shdfnd@2@@shdfnd@physx@@QEBAIXZ 0000000180019370 f i RTreeCooking.obj
 0001:00018390       ?isInUserMemory@?$Array@URTreeNodeQ@Gu@physx@@VNamedAllocator@shdfnd@3@@shdfnd@physx@@QEBAIXZ 0000000180019390 f i RTreeCooking.obj
 0001:000183b0       ?isInside@PxBounds3@physx@@QEBA_NAEBV12@@Z 00000001800193b0 f i RTreeCooking.obj
 0001:000184a0       ?isLeaf@RTreeNodeQ@Gu@physx@@QEBAIXZ 00000001800194a0 f i RTreeCooking.obj
 0001:000184c0       ?isValidFloatV@aos@shdfnd@physx@@YA_NT__m128@@@Z 00000001800194c0 f i RTreeCooking.obj
 0001:000185d0       ?isValidVec3V@aos@shdfnd@physx@@YA_NT__m128@@@Z 00000001800195d0 f i RTreeCooking.obj
 0001:00018630       ?pop@?$Stack@VNamedAllocator@shdfnd@physx@@@internal@shdfnd@physx@@QEAAXAEAH0@Z 0000000180019630 f i RTreeCooking.obj
 0001:00018710       ?popBack@?$Array@IVNamedAllocator@shdfnd@physx@@@shdfnd@physx@@QEAAIXZ 0000000180019710 f i RTreeCooking.obj
 0001:000187b0       ?push@?$Stack@VNamedAllocator@shdfnd@physx@@@internal@shdfnd@physx@@QEAAXHH@Z 00000001800197b0 f i RTreeCooking.obj
 0001:00018840       ?pushBack@?$Array@IVNamedAllocator@shdfnd@physx@@@shdfnd@physx@@QEAAAEAIAEBI@Z 0000000180019840 f i RTreeCooking.obj
 0001:00018900       ?pushBack@?$Array@UInterval@physx@@V?$InlineAllocator@$0CAAA@VNamedAllocator@shdfnd@physx@@@shdfnd@2@@shdfnd@physx@@QEAAAEAUInterval@3@AEBU43@@Z 0000000180019900 f i RTreeCooking.obj
 0001:000189e0       ?pushBack@?$Array@UPxBounds3V@physx@@VNamedAllocator@shdfnd@2@@shdfnd@physx@@QEAAAEAUPxBounds3V@3@AEBU43@@Z 00000001800199e0 f i RTreeCooking.obj
 0001:00018ab0       ?pushBack@?$Array@URTreeNodeNQ@physx@@VNamedAllocator@shdfnd@2@@shdfnd@physx@@QEAAAEAURTreeNodeNQ@3@AEBU43@@Z 0000000180019ab0 f i RTreeCooking.obj
 0001:00018b70       ?pushBack@?$Array@URTreeNodeQ@Gu@physx@@VNamedAllocator@shdfnd@3@@shdfnd@physx@@QEAAAEAURTreeNodeQ@Gu@3@AEBU453@@Z 0000000180019b70 f i RTreeCooking.obj
 0001:00018c40       ?recreate@?$Array@IVNamedAllocator@shdfnd@physx@@@shdfnd@physx@@IEAAXI@Z 0000000180019c40 f i RTreeCooking.obj
 0001:00018d50       ?recreate@?$Array@UPxBounds3V@physx@@VNamedAllocator@shdfnd@2@@shdfnd@physx@@IEAAXI@Z 0000000180019d50 f i RTreeCooking.obj
 0001:00018e70       ?recreate@?$Array@URTreeNodeNQ@physx@@VNamedAllocator@shdfnd@2@@shdfnd@physx@@IEAAXI@Z 0000000180019e70 f i RTreeCooking.obj
 0001:00018f90       ?recreate@?$Array@URTreeNodeQ@Gu@physx@@VNamedAllocator@shdfnd@3@@shdfnd@physx@@IEAAXI@Z 0000000180019f90 f i RTreeCooking.obj
 0001:000190b0       ?recreate@?$Array@VPxVec3@physx@@VNamedAllocator@shdfnd@2@@shdfnd@physx@@IEAAXI@Z 000000018001a0b0 f i RTreeCooking.obj
 0001:000191d0       ?replaceWithLast@?$Array@UInterval@physx@@V?$InlineAllocator@$0CAAA@VNamedAllocator@shdfnd@physx@@@shdfnd@2@@shdfnd@physx@@QEAAXI@Z 000000018001a1d0 f i RTreeCooking.obj
 0001:00019290       ?reserve@?$Array@IVNamedAllocator@shdfnd@physx@@@shdfnd@physx@@QEAAXI@Z 000000018001a290 f i RTreeCooking.obj
 0001:000192c0       ?reserve@?$Array@UPxBounds3V@physx@@VNamedAllocator@shdfnd@2@@shdfnd@physx@@QEAAXI@Z 000000018001a2c0 f i RTreeCooking.obj
 0001:000192f0       ?reserve@?$Array@URTreeNodeNQ@physx@@VNamedAllocator@shdfnd@2@@shdfnd@physx@@QEAAXI@Z 000000018001a2f0 f i RTreeCooking.obj
 0001:00019320       ?reserve@?$Array@URTreeNodeQ@Gu@physx@@VNamedAllocator@shdfnd@3@@shdfnd@physx@@QEAAXI@Z 000000018001a320 f i RTreeCooking.obj
 0001:00019350       ?reserve@?$Array@VPxVec3@physx@@VNamedAllocator@shdfnd@2@@shdfnd@physx@@QEAAXI@Z 000000018001a350 f i RTreeCooking.obj
 0001:00019380       ?resize@?$Array@IVNamedAllocator@shdfnd@physx@@@shdfnd@physx@@QEAAXIAEBI@Z 000000018001a380 f i RTreeCooking.obj
 0001:00019410       ?resizeUninitialized@?$Array@URTreeNodeNQ@physx@@VNamedAllocator@shdfnd@2@@shdfnd@physx@@QEAAXI@Z 000000018001a410 f i RTreeCooking.obj
[...]
 0004:00002dc0       $pdata$?growAndPushBack@?$Array@PEAUQuickHullVertex@local@@VNamedAllocator@shdfnd@physx@@@shdfnd@physx@@IEAAAEAPEAUQuickHullVertex@local@@AEBQEAU45@@Z 0000000180063dc0     QuickHullConvexHullLib.obj
 0004:00002dcc       $pdata$?growAndPushBack@?$Array@UExpandPoint@local@@VNamedAllocator@shdfnd@physx@@@shdfnd@physx@@IEAAAEAUExpandPoint@local@@AEBU45@@Z 0000000180063dcc     QuickHullConvexHullLib.obj
 0004:00002dd8       $pdata$?init@?$MemBlock@UQuickHullFace@local@@$00@local@@QEAAXI@Z 0000000180063dd8     QuickHullConvexHullLib.obj
 0004:00002de4       $pdata$?init@?$MemBlock@UQuickHullHalfEdge@local@@$0A@@local@@QEAAXI@Z 0000000180063de4     QuickHullConvexHullLib.obj
 0004:00002df0       $pdata$?isTriangle@QuickHullFace@local@@AEBA_NXZ 0000000180063df0     QuickHullConvexHullLib.obj
 0004:00002dfc       $pdata$?pushBack@?$Array@PEAUQuickHullFace@local@@VNamedAllocator@shdfnd@physx@@@shdfnd@physx@@QEAAAEAPEAUQuickHullFace@local@@AEBQEAU45@@Z 0000000180063dfc     QuickHullConvexHullLib.obj
 0004:00002e08       $pdata$?pushBack@?$Array@PEAUQuickHullHalfEdge@local@@VNamedAllocator@shdfnd@physx@@@shdfnd@physx@@QEAAAEAPEAUQuickHullHalfEdge@local@@AEBQEAU45@@Z 0000000180063e08     QuickHullConvexHullLib.obj
 0004:00002e14       $pdata$?pushBack@?$Array@PEAUQuickHullVertex@local@@VNamedAllocator@shdfnd@physx@@@shdfnd@physx@@QEAAAEAPEAUQuickHullVertex@local@@AEBQEAU45@@Z 0000000180063e14     QuickHullConvexHullLib.obj
 0004:00002e20       $pdata$?pushBack@?$Array@UExpandPoint@local@@VNamedAllocator@shdfnd@physx@@@shdfnd@physx@@QEAAAEAUExpandPoint@local@@AEBU45@@Z 0000000180063e20     QuickHullConvexHullLib.obj
 0004:00002e2c       $pdata$?recreate@?$Array@PEAUQuickHullFace@local@@VNamedAllocator@shdfnd@physx@@@shdfnd@physx@@IEAAXI@Z 0000000180063e2c     QuickHullConvexHullLib.obj
 0004:00002e38       $pdata$?recreate@?$Array@PEAUQuickHullHalfEdge@local@@VNamedAllocator@shdfnd@physx@@@shdfnd@physx@@IEAAXI@Z 0000000180063e38     QuickHullConvexHullLib.obj
 0004:00002e44       $pdata$?recreate@?$Array@PEAUQuickHullVertex@local@@VNamedAllocator@shdfnd@physx@@@shdfnd@physx@@IEAAXI@Z 0000000180063e44     QuickHullConvexHullLib.obj
 0004:00002e50       $pdata$?recreate@?$Array@UExpandPoint@local@@VNamedAllocator@shdfnd@physx@@@shdfnd@physx@@IEAAXI@Z 0000000180063e50     QuickHullConvexHullLib.obj
 0004:00002e5c       $pdata$?reserve@?$Array@PEAUQuickHullFace@local@@VNamedAllocator@shdfnd@physx@@@shdfnd@physx@@QEAAXI@Z 0000000180063e5c     QuickHullConvexHullLib.obj
 0004:00002e68       $pdata$?reserve@?$Array@PEAUQuickHullHalfEdge@local@@VNamedAllocator@shdfnd@physx@@@shdfnd@physx@@QEAAXI@Z 0000000180063e68     QuickHullConvexHullLib.obj
 0004:00002e74       $pdata$?reserve@?$Array@PEAUQuickHullVertex@local@@VNamedAllocator@shdfnd@physx@@@shdfnd@physx@@QEAAXI@Z 0000000180063e74     QuickHullConvexHullLib.obj
 0004:00002e80       $pdata$?reserve@?$Array@UExpandPoint@local@@VNamedAllocator@shdfnd@physx@@@shdfnd@physx@@QEAAXI@Z 0000000180063e80     QuickHullConvexHullLib.obj
 0004:00002e8c       $pdata$?reset@?$MemBlock@UQuickHullFace@local@@$00@local@@QEAAXXZ 0000000180063e8c     QuickHullConvexHullLib.obj
 0004:00002e98       $pdata$?reset@?$MemBlock@UQuickHullHalfEdge@local@@$0A@@local@@QEAAXXZ 0000000180063e98     QuickHullConvexHullLib.obj
 0004:00002ea4       $pdata$??Dphysx@@YA?AVPxVec3@0@MAEBV10@@Z 0000000180063ea4     VolumeIntegration.obj
 0004:00002eb0       $pdata$?computeVolumeIntegrals@physx@@YA_NAEBVPxSimpleTriangleMesh@1@MAEAUPxIntegrals@1@@Z 0000000180063eb0     VolumeIntegration.obj
 0004:00002ebc       $pdata$?computeVolumeIntegralsEberly@physx@@YA_NAEBVPxConvexMeshDesc@1@MAEAUPxIntegrals@1@AEBVPxVec3@1@@Z 0000000180063ebc     VolumeIntegration.obj
 0004:00002ec8       $pdata$?computeVolumeIntegralsEberlySIMD@physx@@YA_NAEBVPxConvexMeshDesc@1@MAEAUPxIntegrals@1@AEBVPxVec3@1@@Z 0000000180063ec8     VolumeIntegration.obj
 0004:00002ed4       $pdata$??0VolumeIntegrator@?A0x7194caf8@physx@@QEAA@VPxSimpleTriangleMesh@2@N@Z 0000000180063ed4     VolumeIntegration.obj
 0004:00002ee0       $pdata$?computeVolumeIntegrals@VolumeIntegrator@?A0x7194caf8@physx@@QEAA_NAEAUPxIntegrals@3@@Z 0000000180063ee0     VolumeIntegration.obj
 0004:00002eec       $pdata$?computeCenterOfMass@VolumeIntegrator@?A0x7194caf8@physx@@AEAA?AVPxVec3@3@XZ 0000000180063eec     VolumeIntegration.obj
 0004:00002ef8       $pdata$?computeInertiaTensor@VolumeIntegrator@?A0x7194caf8@physx@@AEAAXPEAN@Z 0000000180063ef8     VolumeIntegration.obj
 0004:00002f04       $pdata$?computeCOMInertiaTensor@VolumeIntegrator@?A0x7194caf8@physx@@AEAAXPEAN@Z 0000000180063f04     VolumeIntegration.obj
 0004:00002f10       $pdata$?computeFaceNormal@VolumeIntegrator@?A0x7194caf8@physx@@AEAAXAEAUFace@123@PEAI@Z 0000000180063f10     VolumeIntegration.obj
 0004:00002f1c       $pdata$?computeProjectionIntegrals@VolumeIntegrator@?A0x7194caf8@physx@@AEAAXAEBUFace@123@@Z 0000000180063f1c     VolumeIntegration.obj
 0004:00002f28       $pdata$?computeFaceIntegrals@VolumeIntegrator@?A0x7194caf8@physx@@AEAAXAEBUFace@123@@Z 0000000180063f28     VolumeIntegration.obj
 0004:00002f34       $pdata$?computeVolumeIntegralsSIMD@VolumeIntegratorEberly@?A0x7194caf8@physx@@QEAA_NAEAUPxIntegrals@3@AEBVPxVec3@3@@Z 0000000180063f34     VolumeIntegration.obj
 0004:00002f40       $pdata$?computeVolumeIntegrals@VolumeIntegratorEberly@?A0x7194caf8@physx@@QEAA_NAEAUPxIntegrals@3@AEBVPxVec3@3@@Z 0000000180063f40     VolumeIntegration.obj
 0004:00002f4c       $pdata$??$swap@VPxVec3@physx@@@shdfnd@physx@@YAXAEAVPxVec3@1@0@Z 0000000180063f4c     VolumeIntegration.obj
 0004:00002f58       $pdata$??0PxSimpleTriangleMesh@physx@@QEAA@XZ 0000000180063f58     VolumeIntegration.obj
 0004:00002f64       $pdata$??4PxSimpleTriangleMesh@physx@@QEAAAEAV01@AEBV01@@Z 0000000180063f64     VolumeIntegration.obj
 0004:00002f70       $pdata$?FAllGrtr@aos@shdfnd@physx@@YAIT__m128@@0@Z 0000000180063f70     VolumeIntegration.obj
 0004:00002f7c       $pdata$?V4Cross@aos@shdfnd@physx@@YA?AT__m128@@T4@0@Z 0000000180063f7c     VolumeIntegration.obj
 0004:00002f88       $pdata$?V4Dot3@aos@shdfnd@physx@@YA?AT__m128@@T4@0@Z 0000000180063f88     VolumeIntegration.obj
 0004:00002f94       $pdata$?V4PermYZXW@aos@shdfnd@physx@@YA?AT__m128@@T4@@Z 0000000180063f94     VolumeIntegration.obj
 0004:00002fa0       $pdata$?V4ScaleInv@aos@shdfnd@physx@@YA?AT__m128@@T4@0@Z 0000000180063fa0     VolumeIntegration.obj
 0004:00002fac       $pdata$?Vec4V_From_PxVec3_WUndefined@aos@shdfnd@physx@@YA?AT__m128@@AEBVPxVec3@3@@Z 0000000180063fac     VolumeIntegration.obj
 0004:00002fb8       $pdata$?isZero@PxVec3@physx@@QEBA_NXZ 0000000180063fb8     VolumeIntegration.obj
 0004:00002fc4       $pdata$?subexpressions@?A0x7194caf8@physx@@YAXNNNAEAN00000@Z 0000000180063fc4     VolumeIntegration.obj
 0004:00002fd0       $pdata$?subexpressionsSIMD@?A0x7194caf8@physx@@YAXAEBT__m128@@00AEAT3@11111@Z 0000000180063fd0     VolumeIntegration.obj
 0004:00002fdc       $pdata$?cookingDelayHook@@YAP6A_JXZIPEAUDelayLoadInfo@@@Z 0000000180063fdc     WindowsCookingDelayLoadHook.obj
 0004:00002fe8       $pdata$?loadLibrary@Cm@physx@@YAPEAUHINSTANCE__@@PEBD@Z 0000000180063fe8     WindowsCookingDelayLoadHook.obj
 0004:00002ff4       $pdata$?physXCommonDliNotePreLoadLibrary@Cm@physx@@YAP6A_JXZPEBDPEBVPxDelayLoadHook@2@@Z 0000000180063ff4     WindowsCookingDelayLoadHook.obj
 0004:00003018       $pdata$?DloadAcquireSectionWriteAccess@@YAXXZ 0000000180064018     Delayimp:delayhlp.obj
 0004:00003024       $pdata$?DloadGetSRWLockFunctionPointers@@YAEXZ 0000000180064024     Delayimp:delayhlp.obj
 0004:00003030       $pdata$?DloadLock@@YAXXZ   0000000180064030     Delayimp:delayhlp.obj
 0004:0000303c       $pdata$?DloadMakePermanentImageCommit@@YAXPEAX_K@Z 000000018006403c     Delayimp:delayhlp.obj
 0004:00003048       $pdata$?DloadObtainSection@@YAPEAXPEAK0@Z 0000000180064048     Delayimp:delayhlp.obj
 0004:00003054       $pdata$?DloadProtectSection@@YAXKPEAK@Z 0000000180064054     Delayimp:delayhlp.obj
 0004:00003060       $pdata$?DloadReleaseSectionWriteAccess@@YAXXZ 0000000180064060     Delayimp:delayhlp.obj
 0004:0000306c       $pdata$?DloadUnlock@@YAXXZ 000000018006406c     Delayimp:delayhlp.obj
 0004:00003078       $pdata$?PiddFromDllName@@YAPEBUImgDelayDescr@@PEBD@Z 0000000180064078     Delayimp:delayhlp.obj
 0004:00003084       $pdata$__FUnloadDelayLoadedDLL2 0000000180064084     Delayimp:delayhlp.obj
 0004:00003090       $pdata$__HrLoadAllImportsForDll 0000000180064090     Delayimp:delayhlp.obj
 0004:0000309c       $pdata$__delayLoadHelper2  000000018006409c     Delayimp:delayhlp.obj
 0004:000030a8       $pdata$??3@YAXPEAX_K@Z     00000001800640a8     MSVCRTD:delete_scalar_size.obj
 0004:000030b4       $pdata$??_V@YAXPEAX_K@Z    00000001800640b4     MSVCRTD:delete_array_size.obj
 0004:000030c0       $pdata$_RTC_InitBase       00000001800640c0     MSVCRTD:_init_.obj
 0004:000030cc       $pdata$_RTC_Shutdown       00000001800640cc     MSVCRTD:_init_.obj
 0004:000030d8       $pdata$?__scrt_initialize_type_info@@YAXXZ 00000001800640d8     MSVCRTD:tncleanup.obj
 0004:000030e4       $pdata$?__scrt_uninitialize_type_info@@YAXXZ 00000001800640e4     MSVCRTD:tncleanup.obj
 0004:000030f0       $pdata$??_Gtype_info@@UEAAPEAXI@Z 00000001800640f0     MSVCRTD:std_type_info_static.obj
 0004:00003108       $pdata$??3@YAXPEAX@Z       0000000180064108     MSVCRTD:delete_scalar.obj
 0004:00003114       $pdata$??_V@YAXPEAX@Z      0000000180064114     MSVCRTD:delete_array.obj
 0004:00003120       $pdata$?dllmain_crt_dispatch@@YAHQEAUHINSTANCE__@@KQEAX@Z 0000000180064120     MSVCRTD:dll_dllmain.obj
 0004:0000312c       $pdata$?dllmain_crt_process_attach@@YAHQEAUHINSTANCE__@@QEAX@Z 000000018006412c     MSVCRTD:dll_dllmain.obj
 0004:00003138       $pdata$?dllmain_crt_process_detach@@YAH_N@Z 0000000180064138     MSVCRTD:dll_dllmain.obj
 0004:00003144       $pdata$?dllmain_dispatch@@YAHQEAUHINSTANCE__@@KQEAX@Z 0000000180064144     MSVCRTD:dll_dllmain.obj
 0004:00003150       $pdata$?dllmain_raw@@YAHQEAUHINSTANCE__@@KQEAX@Z 0000000180064150     MSVCRTD:dll_dllmain.obj
 0004:0000315c       $pdata$_CRT_INIT           000000018006415c     MSVCRTD:dll_dllmain.obj
 0004:00003168       $pdata$_DllMainCRTStartup  0000000180064168     MSVCRTD:dll_dllmain.obj
 0004:00003174       $pdata$_guard_icall_checks_enforced 0000000180064174     MSVCRTD:guard_support.obj
 0004:00003180       $pdata$??$__crt_fast_decode_pointer@PEAP6AXXZ@@YAPEAP6AXXZQEAP6AXXZ@Z 0000000180064180     MSVCRTD:utility.obj
 0004:0000318c       $pdata$??$__crt_fast_encode_pointer@PEAP6AXXZ@@YAPEAP6AXXZQEAP6AXXZ@Z 000000018006418c     MSVCRTD:utility.obj
 0004:00003198       $pdata$?configure_argv@__scrt_narrow_argv_policy@@SAHXZ 0000000180064198     MSVCRTD:utility.obj
 0004:000031a4       $pdata$?find_pe_section@@YAPEAU_IMAGE_SECTION_HEADER@@QEAE_K@Z 00000001800641a4     MSVCRTD:utility.obj
 0004:000031b0       $pdata$?is_potentially_valid_image_base@@YA_NQEAX@Z 00000001800641b0     MSVCRTD:utility.obj
 0004:000031bc       $pdata$__scrt_acquire_startup_lock 00000001800641bc     MSVCRTD:utility.obj
 0004:000031c8       $pdata$__scrt_dllmain_after_initialize_c 00000001800641c8     MSVCRTD:utility.obj
 0004:000031d4       $pdata$__scrt_dllmain_before_initialize_c 00000001800641d4     MSVCRTD:utility.obj
 0004:000031e0       $pdata$__scrt_dllmain_crt_thread_attach 00000001800641e0     MSVCRTD:utility.obj
 0004:000031ec       $pdata$__scrt_dllmain_crt_thread_detach 00000001800641ec     MSVCRTD:utility.obj
 0004:000031f8       $pdata$__scrt_dllmain_exception_filter 00000001800641f8     MSVCRTD:utility.obj
 0004:00003204       $pdata$__scrt_dllmain_uninitialize_c 0000000180064204     MSVCRTD:utility.obj
 0004:00003210       $pdata$__scrt_dllmain_uninitialize_critical 0000000180064210     MSVCRTD:utility.obj
 0004:0000321c       $pdata$__scrt_initialize_crt 000000018006421c     MSVCRTD:utility.obj
 0004:00003228       $pdata$__scrt_initialize_onexit_tables 0000000180064228     MSVCRTD:utility.obj
 0004:00003234       $pdata$__scrt_is_nonwritable_in_current_image 0000000180064234     MSVCRTD:utility.obj
 0004:00003240       $pdata$__scrt_release_startup_lock 0000000180064240     MSVCRTD:utility.obj
 0004:0000324c       $pdata$__scrt_uninitialize_crt 000000018006424c     MSVCRTD:utility.obj
 0004:00003258       $pdata$_onexit             0000000180064258     MSVCRTD:utility.obj
 0004:00003264       $pdata$at_quick_exit       0000000180064264     MSVCRTD:utility.obj
 0004:00003270       $pdata$atexit              0000000180064270     MSVCRTD:utility.obj
 0004:0000327c       $pdata$__security_init_cookie 000000018006427c     MSVCRTD:gs_support.obj
 0004:00003288       $pdata$DllMain             0000000180064288     MSVCRTD:dll_dllmain_stub.obj
 0004:00003294       $pdata$__scrt_initialize_default_local_stdio_options 0000000180064294     MSVCRTD:default_local_stdio_options.obj
 0004:000032a0       $pdata$__scrt_fastfail     00000001800642a0     MSVCRTD:utility_desktop.obj
 0004:000032ac       $pdata$__scrt_get_show_window_mode 00000001800642ac     MSVCRTD:utility_desktop.obj
 0004:000032b8       $pdata$__scrt_is_managed_app 00000001800642b8     MSVCRTD:utility_desktop.obj
 0004:000032c4       $pdata$__scrt_set_unhandled_exception_filter 00000001800642c4     MSVCRTD:utility_desktop.obj
 0004:000032d0       $pdata$__scrt_unhandled_exception_filter 00000001800642d0     MSVCRTD:utility_desktop.obj
 0004:000032dc       $pdata$_RTC_Initialize     00000001800642dc     MSVCRTD:_initsect_.obj
 0004:000032e8       $pdata$0$_RTC_Initialize   00000001800642e8     MSVCRTD:_initsect_.obj
 0004:000032f4       $pdata$1$_RTC_Initialize   00000001800642f4     MSVCRTD:_initsect_.obj
 0004:00003300       $pdata$_RTC_Terminate      0000000180064300     MSVCRTD:_initsect_.obj
 0004:0000330c       $pdata$0$_RTC_Terminate    000000018006430c     MSVCRTD:_initsect_.obj
 0004:00003318       $pdata$1$_RTC_Terminate    0000000180064318     MSVCRTD:_initsect_.obj
 0004:00003324       $pdata$_guard_check_icall  0000000180064324     MSVCRTD:checkcfg.obj
 0004:00003330       $pdata$?DebuggerProbe@@YAHK@Z 0000000180064330     MSVCRTD:_error_.obj
 0004:0000333c       $pdata$?DebuggerRuntime@@YAHKHPEAXPEB_W@Z 000000018006433c     MSVCRTD:_error_.obj
 0004:00003348       $pdata$?_RTC_AllocaFailure@@YAXPEAXPEAU_RTC_ALLOCA_NODE@@H@Z 0000000180064348     MSVCRTD:_error_.obj
 0004:00003354       $pdata$1$?_RTC_AllocaFailure@@YAXPEAXPEAU_RTC_ALLOCA_NODE@@H@Z 0000000180064354     MSVCRTD:_error_.obj
 0004:00003360       $pdata$2$?_RTC_AllocaFailure@@YAXPEAXPEAU_RTC_ALLOCA_NODE@@H@Z 0000000180064360     MSVCRTD:_error_.obj
 0004:0000336c       $pdata$?_RTC_StackFailure@@YAXPEAXPEBD@Z 000000018006436c     MSVCRTD:_error_.obj
 0004:00003378       $pdata$?_getMemBlockDataString@@YAXPEAD00_K@Z 0000000180064378     MSVCRTD:_error_.obj
 0004:00003384       $pdata$3$?_getMemBlockDataString@@YAXPEAD00_K@Z 0000000180064384     MSVCRTD:_error_.obj
 0004:00003390       $pdata$4$?_getMemBlockDataString@@YAXPEAD00_K@Z 0000000180064390     MSVCRTD:_error_.obj
 0004:0000339c       $pdata$?failwithmessage@@YAXPEAXHHPEBD@Z 000000018006439c     MSVCRTD:_error_.obj
 0004:000033a8       $pdata$_RTC_UninitUse      00000001800643a8     MSVCRTD:_error_.obj
 0004:000033b4       $pdata$_vsprintf_s_l       00000001800643b4     MSVCRTD:_error_.obj
 0004:000033c0       $pdata$sprintf_s           00000001800643c0     MSVCRTD:_error_.obj
 0004:000033cc       $pdata$__isa_available_init 00000001800643cc     MSVCRTD:_cpu_disp_.obj
 0004:000033d8       $pdata$__scrt_is_ucrt_dll_in_use 00000001800643d8     MSVCRTD:ucrt_detection.obj
 0004:000033e4       $pdata$?GetPdbDll@@YAPEAUHINSTANCE__@@XZ 00000001800643e4     MSVCRTD:_pdblkup_.obj
 0004:000033f0       $pdata$?GetPdbDllFromInstallPath@@YAPEAUHINSTANCE__@@XZ 00000001800643f0     MSVCRTD:_pdblkup_.obj
 0004:000033fc       $pdata$0$?GetPdbDllFromInstallPath@@YAPEAUHINSTANCE__@@XZ 00000001800643fc     MSVCRTD:_pdblkup_.obj
 0004:00003408       $pdata$1$?GetPdbDllFromInstallPath@@YAPEAUHINSTANCE__@@XZ 0000000180064408     MSVCRTD:_pdblkup_.obj
 0004:00003414       $pdata$2$?GetPdbDllFromInstallPath@@YAPEAUHINSTANCE__@@XZ 0000000180064414     MSVCRTD:_pdblkup_.obj
 0004:00003420       $pdata$3$?GetPdbDllFromInstallPath@@YAPEAUHINSTANCE__@@XZ 0000000180064420     MSVCRTD:_pdblkup_.obj
 0004:0000342c       $pdata$4$?GetPdbDllFromInstallPath@@YAPEAUHINSTANCE__@@XZ 000000018006442c     MSVCRTD:_pdblkup_.obj
 0004:00003438       $pdata$5$?GetPdbDllFromInstallPath@@YAPEAUHINSTANCE__@@XZ 0000000180064438     MSVCRTD:_pdblkup_.obj
 0004:00003444       $pdata$?GetPdbDllPathFromFilePath@@YAHPEB_WPEA_W_K@Z 0000000180064444     MSVCRTD:_pdblkup_.obj
 0004:00003450       $pdata$?_RTC_GetSrcLine@@YAHPEAEPEA_WKPEAH1K@Z 0000000180064450     MSVCRTD:_pdblkup_.obj
 0004:0000345c       $pdata$2$?_RTC_GetSrcLine@@YAHPEAEPEA_WKPEAH1K@Z 000000018006445c     MSVCRTD:_pdblkup_.obj
 0004:00003468       $pdata$3$?_RTC_GetSrcLine@@YAHPEAEPEA_WKPEAH1K@Z 0000000180064468     MSVCRTD:_pdblkup_.obj
 0004:00003474       $pdata$4$?_RTC_GetSrcLine@@YAHPEAEPEA_WKPEAH1K@Z 0000000180064474     MSVCRTD:_pdblkup_.obj
 0004:00003480       $pdata$5$?_RTC_GetSrcLine@@YAHPEAEPEA_WKPEAH1K@Z 0000000180064480     MSVCRTD:_pdblkup_.obj
 0004:0000348c       $pdata$__GSHandlerCheck    000000018006448c     MSVCRTD:_gshandler_.obj
 0004:00003498       $pdata$__GSHandlerCheckCommon 0000000180064498     MSVCRTD:_gshandler_.obj
 0004:000034b0       $pdata$__raise_securityfailure 00000001800644b0     MSVCRTD:gs_report.obj
 0004:000034bc       $pdata$__report_gsfailure  00000001800644bc     MSVCRTD:gs_report.obj
 0004:000034c8       $pdata$__report_rangecheckfailure 00000001800644c8     MSVCRTD:gs_report.obj
 0004:000034d4       $pdata$__report_securityfailure 00000001800644d4     MSVCRTD:gs_report.obj
 0004:000034e0       $pdata$__report_securityfailureEx 00000001800644e0     MSVCRTD:gs_report.obj
 0004:000034ec       $pdata$capture_current_context 00000001800644ec     MSVCRTD:gs_report.obj
 0004:000034f8       $pdata$capture_previous_context 00000001800644f8     MSVCRTD:gs_report.obj
 0004:00003510       $pdata$?fin$0@?0??dllmain_crt_process_attach@@YAHQEAUHINSTANCE__@@QEAX@Z@4HA 0000000180064510     MSVCRTD:dll_dllmain.obj
 0004:0000351c       $pdata$?fin$0@?0??dllmain_crt_process_detach@@YAH_N@Z@4HA 000000018006451c     MSVCRTD:dll_dllmain.obj
 0004:00003528       $pdata$?filt$0@?0??dllmain_dispatch@@YAHQEAUHINSTANCE__@@KQEAX@Z@4HA 0000000180064528     MSVCRTD:dll_dllmain.obj
 0004:00003534       $pdata$__scrt_is_nonwritable_in_current_image$filt$0 0000000180064534     MSVCRTD:utility.obj
 0004:00003540       $pdata$?filt$0@?0??DebuggerProbe@@YAHK@Z@4HA 0000000180064540     MSVCRTD:_error_.obj
 0004:0000354c       $pdata$?filt$0@?0??DebuggerRuntime@@YAHKHPEAXPEB_W@Z@4HA 000000018006454c     MSVCRTD:_error_.obj
 0005:00000000       __guard_fids__CRT_RTC_INIT 0000000180065000     MSVCRTD:_init_.obj
 0005:00000004       __guard_fids__CRT_RTC_INITW 0000000180065004     MSVCRTD:_init_.obj
 0005:00000008       __guard_fids__             0000000180065008     MSVCRTD:std_type_info_static.obj
 0005:0000000c       __guard_fids_?dllmain_crt_process_attach@@YAHQEAUHINSTANCE__@@QEAX@Z 000000018006500c     MSVCRTD:dll_dllmain.obj
 0005:00000014       __guard_fids_?dllmain_dispatch@@YAHQEAUHINSTANCE__@@KQEAX@Z 0000000180065014     MSVCRTD:dll_dllmain.obj
 0005:00000018       __guard_fids__             0000000180065018     MSVCRTD:guard_support.obj
 0005:0000001c       __guard_fids__guard_icall_checks_enforced 000000018006501c     MSVCRTD:guard_support.obj
 0005:00000020       __guard_fids___scrt_set_unhandled_exception_filter 0000000180065020     MSVCRTD:utility_desktop.obj
 0006:000000a0       $R000000                   00000001800660a0     PhysXCooking.res
 0006:000003d0       $R000330                   00000001800663d0     PhysXCooking.res
